Component: ARM Compiler 5.06 update 6 (build 750) Tool: armlink [4d35ed]

==============================================================================

Section Cross References

    startup_stm32f103xb.o(RESET) refers to startup_stm32f103xb.o(STACK) for __initial_sp
    startup_stm32f103xb.o(RESET) refers to startup_stm32f103xb.o(.text) for Reset_Handler
    startup_stm32f103xb.o(RESET) refers to stm32f1xx_it.o(i.NMI_Handler) for NMI_Handler
    startup_stm32f103xb.o(RESET) refers to stm32f1xx_it.o(i.HardFault_Handler) for HardFault_Handler
    startup_stm32f103xb.o(RESET) refers to stm32f1xx_it.o(i.MemManage_Handler) for MemManage_Handler
    startup_stm32f103xb.o(RESET) refers to stm32f1xx_it.o(i.BusFault_Handler) for BusFault_Handler
    startup_stm32f103xb.o(RESET) refers to stm32f1xx_it.o(i.UsageFault_Handler) for UsageFault_Handler
    startup_stm32f103xb.o(RESET) refers to port.o(.emb_text) for SVC_Handler
    startup_stm32f103xb.o(RESET) refers to stm32f1xx_it.o(i.DebugMon_Handler) for DebugMon_Handler
    startup_stm32f103xb.o(RESET) refers to stm32f1xx_it.o(i.SysTick_Handler) for SysTick_Handler
    startup_stm32f103xb.o(.text) refers to system_stm32f1xx.o(i.SystemInit) for SystemInit
    startup_stm32f103xb.o(.text) refers to entry.o(.ARM.Collect$$$$00000000) for __main
    main.o(i.SystemClock_Config) refers to memseta.o(.text) for __aeabi_memclr4
    main.o(i.SystemClock_Config) refers to stm32f1xx_hal_rcc.o(i.HAL_RCC_OscConfig) for HAL_RCC_OscConfig
    main.o(i.SystemClock_Config) refers to main.o(i.Error_Handler) for Error_Handler
    main.o(i.SystemClock_Config) refers to stm32f1xx_hal_rcc.o(i.HAL_RCC_ClockConfig) for HAL_RCC_ClockConfig
    main.o(i.SystemClock_Config) refers to stm32f1xx_hal_rcc_ex.o(i.HAL_RCCEx_PeriphCLKConfig) for HAL_RCCEx_PeriphCLKConfig
    main.o(i.main) refers to stm32f1xx_hal.o(i.HAL_Init) for HAL_Init
    main.o(i.main) refers to main.o(i.SystemClock_Config) for SystemClock_Config
    main.o(i.main) refers to gpio.o(i.MX_GPIO_Init) for MX_GPIO_Init
    main.o(i.main) refers to dma.o(i.MX_DMA_Init) for MX_DMA_Init
    main.o(i.main) refers to spi.o(i.MX_SPI1_Init) for MX_SPI1_Init
    main.o(i.main) refers to usart.o(i.MX_USART1_UART_Init) for MX_USART1_UART_Init
    main.o(i.main) refers to adc.o(i.MX_ADC1_Init) for MX_ADC1_Init
    main.o(i.main) refers to stm32f1xx_hal_adc.o(i.HAL_ADC_Start_DMA) for HAL_ADC_Start_DMA
    main.o(i.main) refers to int_si24r1.o(i.Int_SI24R1_Check) for Int_SI24R1_Check
    main.o(i.main) refers to int_si24r1.o(i.Int_SI24R1_InitTxMode) for Int_SI24R1_InitTxMode
    main.o(i.main) refers to strrchr.o(.text) for strrchr
    main.o(i.main) refers to printf8.o(i.__0printf$8) for __2printf
    main.o(i.main) refers to app_task.o(i.FreeRTOS_Start) for FreeRTOS_Start
    main.o(i.main) refers to app_remote.o(.data) for stickADCBuffer
    main.o(i.main) refers to adc.o(.bss) for hadc1
    gpio.o(i.MX_GPIO_Init) refers to stm32f1xx_hal_gpio.o(i.HAL_GPIO_WritePin) for HAL_GPIO_WritePin
    gpio.o(i.MX_GPIO_Init) refers to stm32f1xx_hal_gpio.o(i.HAL_GPIO_Init) for HAL_GPIO_Init
    adc.o(i.HAL_ADC_MspDeInit) refers to stm32f1xx_hal_gpio.o(i.HAL_GPIO_DeInit) for HAL_GPIO_DeInit
    adc.o(i.HAL_ADC_MspDeInit) refers to stm32f1xx_hal_dma.o(i.HAL_DMA_DeInit) for HAL_DMA_DeInit
    adc.o(i.HAL_ADC_MspInit) refers to stm32f1xx_hal_gpio.o(i.HAL_GPIO_Init) for HAL_GPIO_Init
    adc.o(i.HAL_ADC_MspInit) refers to stm32f1xx_hal_dma.o(i.HAL_DMA_Init) for HAL_DMA_Init
    adc.o(i.HAL_ADC_MspInit) refers to main.o(i.Error_Handler) for Error_Handler
    adc.o(i.HAL_ADC_MspInit) refers to adc.o(.bss) for hdma_adc1
    adc.o(i.MX_ADC1_Init) refers to stm32f1xx_hal_adc.o(i.HAL_ADC_Init) for HAL_ADC_Init
    adc.o(i.MX_ADC1_Init) refers to main.o(i.Error_Handler) for Error_Handler
    adc.o(i.MX_ADC1_Init) refers to stm32f1xx_hal_adc.o(i.HAL_ADC_ConfigChannel) for HAL_ADC_ConfigChannel
    adc.o(i.MX_ADC1_Init) refers to adc.o(.bss) for hadc1
    spi.o(i.Dri_SPI1_SwapByte) refers to stm32f1xx_hal_spi.o(i.HAL_SPI_TransmitReceive) for HAL_SPI_TransmitReceive
    spi.o(i.Dri_SPI1_SwapByte) refers to spi.o(.bss) for hspi1
    spi.o(i.HAL_SPI_MspDeInit) refers to stm32f1xx_hal_gpio.o(i.HAL_GPIO_DeInit) for HAL_GPIO_DeInit
    spi.o(i.HAL_SPI_MspInit) refers to stm32f1xx_hal_gpio.o(i.HAL_GPIO_Init) for HAL_GPIO_Init
    spi.o(i.MX_SPI1_Init) refers to stm32f1xx_hal_spi.o(i.HAL_SPI_Init) for HAL_SPI_Init
    spi.o(i.MX_SPI1_Init) refers to main.o(i.Error_Handler) for Error_Handler
    spi.o(i.MX_SPI1_Init) refers to spi.o(.bss) for hspi1
    usart.o(i.HAL_UART_MspDeInit) refers to stm32f1xx_hal_gpio.o(i.HAL_GPIO_DeInit) for HAL_GPIO_DeInit
    usart.o(i.HAL_UART_MspInit) refers to stm32f1xx_hal_gpio.o(i.HAL_GPIO_Init) for HAL_GPIO_Init
    usart.o(i.MX_USART1_UART_Init) refers to stm32f1xx_hal_uart.o(i.HAL_UART_Init) for HAL_UART_Init
[...]
    Removing queue.o(i.uxQueueMessagesWaitingFromISR), (8 bytes).
    Removing queue.o(i.uxQueueSpacesAvailable), (24 bytes).
    Removing queue.o(i.vQueueDelete), (14 bytes).
    Removing queue.o(i.xQueueGenericCreate), (76 bytes).
    Removing queue.o(i.xQueueGenericReset), (160 bytes).
    Removing queue.o(i.xQueueGenericSend), (280 bytes).
    Removing queue.o(i.xQueueGenericSendFromISR), (152 bytes).
    Removing queue.o(i.xQueueGiveFromISR), (132 bytes).
    Removing queue.o(i.xQueueIsQueueEmptyFromISR), (16 bytes).
    Removing queue.o(i.xQueueIsQueueFullFromISR), (22 bytes).
    Removing queue.o(i.xQueuePeek), (268 bytes).
    Removing queue.o(i.xQueuePeekFromISR), (74 bytes).
    Removing queue.o(i.xQueueReceive), (260 bytes).
    Removing queue.o(i.xQueueReceiveFromISR), (140 bytes).
    Removing queue.o(i.xQueueSemaphoreTake), (240 bytes).
    Removing stream_buffer.o(i.prvBytesInBuffer), (24 bytes).
    Removing stream_buffer.o(i.prvInitialiseNewStreamBuffer), (42 bytes).
    Removing stream_buffer.o(i.prvReadBytesFromBuffer), (76 bytes).
    Removing stream_buffer.o(i.prvReadMessageFromBuffer), (90 bytes).
    Removing stream_buffer.o(i.prvWriteBytesToBuffer), (76 bytes).
    Removing stream_buffer.o(i.prvWriteMessageToBuffer), (88 bytes).
    Removing stream_buffer.o(i.vStreamBufferDelete), (32 bytes).
    Removing stream_buffer.o(i.xStreamBufferBytesAvailable), (18 bytes).
    Removing stream_buffer.o(i.xStreamBufferGenericCreate), (82 bytes).
    Removing stream_buffer.o(i.xStreamBufferIsEmpty), (22 bytes).
    Removing stream_buffer.o(i.xStreamBufferIsFull), (40 bytes).
    Removing stream_buffer.o(i.xStreamBufferNextMessageLengthBytes), (52 bytes).
    Removing stream_buffer.o(i.xStreamBufferReceive), (176 bytes).
    Removing stream_buffer.o(i.xStreamBufferReceiveCompletedFromISR), (80 bytes).
    Removing stream_buffer.o(i.xStreamBufferReceiveFromISR), (132 bytes).
    Removing stream_buffer.o(i.xStreamBufferReset), (56 bytes).
    Removing stream_buffer.o(i.xStreamBufferSend), (226 bytes).
    Removing stream_buffer.o(i.xStreamBufferSendCompletedFromISR), (80 bytes).
    Removing stream_buffer.o(i.xStreamBufferSendFromISR), (134 bytes).
    Removing stream_buffer.o(i.xStreamBufferSetTriggerLevel), (26 bytes).
    Removing stream_buffer.o(i.xStreamBufferSpacesAvailable), (40 bytes).
    Removing tasks.o(i.pcTaskGetName), (24 bytes).
    Removing tasks.o(i.prvTaskIsTaskSuspended), (64 bytes).
    Removing tasks.o(i.ulTaskGenericNotifyTake), (136 bytes).
    Removing tasks.o(i.ulTaskGenericNotifyValueClear), (64 bytes).
    Removing tasks.o(i.uxTaskGetNumberOfTasks), (12 bytes).
    Removing tasks.o(i.uxTaskPriorityGet), (36 bytes).
    Removing tasks.o(i.uxTaskPriorityGetFromISR), (56 bytes).
    Removing tasks.o(i.uxTaskResetEventItemValue), (28 bytes).
    Removing tasks.o(i.vTaskEndScheduler), (36 bytes).
    Removing tasks.o(i.vTaskGenericNotifyGiveFromISR), (336 bytes).
    Removing tasks.o(i.vTaskInternalSetTimeOutState), (24 bytes).
    Removing tasks.o(i.vTaskMissedYield), (12 bytes).
    Removing tasks.o(i.vTaskPlaceOnEventList), (32 bytes).
    Removing tasks.o(i.vTaskPlaceOnUnorderedEventList), (80 bytes).
    Removing tasks.o(i.vTaskPrioritySet), (284 bytes).
    Removing tasks.o(i.vTaskRemoveFromUnorderedEventList), (208 bytes).
    Removing tasks.o(i.vTaskResume), (172 bytes).
    Removing tasks.o(i.vTaskSetTimeOutState), (36 bytes).
    Removing tasks.o(i.vTaskSuspend), (216 bytes).
    Removing tasks.o(i.xTaskCatchUpTicks), (40 bytes).
    Removing tasks.o(i.xTaskCheckForTimeOut), (96 bytes).
    Removing tasks.o(i.xTaskGenericNotify), (332 bytes).
    Removing tasks.o(i.xTaskGenericNotifyFromISR), (504 bytes).
    Removing tasks.o(i.xTaskGenericNotifyStateClear), (64 bytes).
    Removing tasks.o(i.xTaskGenericNotifyWait), (172 bytes).
    Removing tasks.o(i.xTaskGetCurrentTaskHandle), (12 bytes).
    Removing tasks.o(i.xTaskGetTickCountFromISR), (12 bytes).
    Removing tasks.o(i.xTaskRemoveFromEventList), (264 bytes).
    Removing tasks.o(i.xTaskResumeFromISR), (216 bytes).
    Removing heap_4.o(i.pvPortCalloc), (54 bytes).
    Removing heap_4.o(i.vPortGetHeapStats), (128 bytes).
    Removing heap_4.o(i.vPortInitialiseBlocks), (2 bytes).
    Removing heap_4.o(i.xPortGetFreeHeapSize), (12 bytes).
    Removing heap_4.o(i.xPortGetMinimumEverFreeHeapSize), (12 bytes).
    Removing port.o(i.vPortEndScheduler), (2 bytes).
    Removing dadd.o(.text), (334 bytes).
    Removing dmul.o(.text), (228 bytes).
    Removing ddiv.o(.text), (222 bytes).
    Removing dfixul.o(.text), (48 bytes).
    Removing cdrcmple.o(.text), (48 bytes).
    Removing depilogue.o(.text), (186 bytes).

451 unused section(s) (total 34880 bytes) removed from the image.

==============================================================================

Image Symbol Table

    Local Symbols

    Symbol Name                              Value     Ov Type        Size  Object(Section)

    ../Core/Src/adc.c                        0x00000000   Number         0  adc.o ABSOLUTE
    ../Core/Src/dma.c                        0x00000000   Number         0  dma.o ABSOLUTE
    ../Core/Src/gpio.c                       0x00000000   Number         0  gpio.o ABSOLUTE
    ../Core/Src/main.c                       0x00000000   Number         0  main.o ABSOLUTE
    ../Core/Src/spi.c                        0x00000000   Number         0  spi.o ABSOLUTE
    ../Core/Src/stm32f1xx_hal_msp.c          0x00000000   Number         0  stm32f1xx_hal_msp.o ABSOLUTE
    ../Core/Src/stm32f1xx_it.c               0x00000000   Number         0  stm32f1xx_it.o ABSOLUTE
    ../Core/Src/system_stm32f1xx.c           0x00000000   Number         0  system_stm32f1xx.o ABSOLUTE
    ../Core/Src/usart.c                      0x00000000   Number         0  usart.o ABSOLUTE
    ../Drivers/STM32F1xx_HAL_Driver/Src/stm32f1xx_hal.c 0x00000000   Number         0  stm32f1xx_hal.o ABSOLUTE
    ../Drivers/STM32F1xx_HAL_Driver/Src/stm32f1xx_hal_adc.c 0x00000000   Number         0  stm32f1xx_hal_adc.o ABSOLUTE
    ../Drivers/STM32F1xx_HAL_Driver/Src/stm32f1xx_hal_adc_ex.c 0x00000000   Number         0  stm32f1xx_hal_adc_ex.o ABSOLUTE
    ../Drivers/STM32F1xx_HAL_Driver/Src/stm32f1xx_hal_cortex.c 0x00000000   Number         0  stm32f1xx_hal_cortex.o ABSOLUTE
    ../Drivers/STM32F1xx_HAL_Driver/Src/stm32f1xx_hal_dma.c 0x00000000   Number         0  stm32f1xx_hal_dma.o ABSOLUTE
    ../Drivers/STM32F1xx_HAL_Driver/Src/stm32f1xx_hal_exti.c 0x00000000   Number         0  stm32f1xx_hal_exti.o ABSOLUTE
    ../Drivers/STM32F1xx_HAL_Driver/Src/stm32f1xx_hal_flash.c 0x00000000   Number         0  stm32f1xx_hal_flash.o ABSOLUTE
    ../Drivers/STM32F1xx_HAL_Driver/Src/stm32f1xx_hal_flash_ex.c 0x00000000   Number         0  stm32f1xx_hal_flash_ex.o ABSOLUTE
    ../Drivers/STM32F1xx_HAL_Driver/Src/stm32f1xx_hal_gpio.c 0x00000000   Number         0  stm32f1xx_hal_gpio.o ABSOLUTE
    ../Drivers/STM32F1xx_HAL_Driver/Src/stm32f1xx_hal_gpio_ex.c 0x00000000   Number         0  stm32f1xx_hal_gpio_ex.o ABSOLUTE
    ../Drivers/STM32F1xx_HAL_Driver/Src/stm32f1xx_hal_pwr.c 0x00000000   Number         0  stm32f1xx_hal_pwr.o ABSOLUTE
    ../Drivers/STM32F1xx_HAL_Driver/Src/stm32f1xx_hal_rcc.c 0x00000000   Number         0  stm32f1xx_hal_rcc.o ABSOLUTE
    ../Drivers/STM32F1xx_HAL_Driver/Src/stm32f1xx_hal_rcc_ex.c 0x00000000   Number         0  stm32f1xx_hal_rcc_ex.o ABSOLUTE
    ../Drivers/STM32F1xx_HAL_Driver/Src/stm32f1xx_hal_spi.c 0x00000000   Number         0  stm32f1xx_hal_spi.o ABSOLUTE
    ../Drivers/STM32F1xx_HAL_Driver/Src/stm32f1xx_hal_tim.c 0x00000000   Number         0  stm32f1xx_hal_tim.o ABSOLUTE
    ../Drivers/STM32F1xx_HAL_Driver/Src/stm32f1xx_hal_tim_ex.c 0x00000000   Number         0  stm32f1xx_hal_tim_ex.o ABSOLUTE
    ../Drivers/STM32F1xx_HAL_Driver/Src/stm32f1xx_hal_uart.c 0x00000000   Number         0  stm32f1xx_hal_uart.o ABSOLUTE
    ../clib/microlib/division.c              0x00000000   Number         0  uidiv.o ABSOLUTE
    ../clib/microlib/division.c              0x00000000   Number         0  uldiv.o ABSOLUTE
    ../clib/microlib/init/entry.s            0x00000000   Number         0  entry5.o ABSOLUTE
    ../clib/microlib/init/entry.s            0x00000000   Number         0  entry.o ABSOLUTE
    ../clib/microlib/init/entry.s            0x00000000   Number         0  entry2.o ABSOLUTE
    ../clib/microlib/init/entry.s            0x00000000   Number         0  entry11b.o ABSOLUTE
    ../clib/microlib/init/entry.s            0x00000000   Number         0  entry8b.o ABSOLUTE
    ../clib/microlib/init/entry.s            0x00000000   Number         0  entry11a.o ABSOLUTE
    ../clib/microlib/init/entry.s            0x00000000   Number         0  entry10a.o ABSOLUTE
    ../clib/microlib/init/entry.s            0x00000000   Number         0  entry9b.o ABSOLUTE
    ../clib/microlib/init/entry.s            0x00000000   Number         0  entry9a.o ABSOLUTE
    ../clib/microlib/init/entry.s            0x00000000   Number         0  entry8a.o ABSOLUTE
    ../clib/microlib/init/entry.s            0x00000000   Number         0  entry7b.o ABSOLUTE
    ../clib/microlib/init/entry.s            0x00000000   Number         0  entry7a.o ABSOLUTE
    ../clib/microlib/init/entry.s            0x00000000   Number         0  entry10b.o ABSOLUTE
    ../clib/microlib/longlong.c              0x00000000   Number         0  llushr.o ABSOLUTE
    ../clib/microlib/longlong.c              0x00000000   Number         0  llshl.o ABSOLUTE
    ../clib/microlib/longlong.c              0x00000000   Number         0  llsshr.o ABSOLUTE
    ../clib/microlib/printf/printf.c         0x00000000   Number         0  printf5.o ABSOLUTE
    ../clib/microlib/printf/printf.c         0x00000000   Number         0  printf4.o ABSOLUTE
    ../clib/microlib/printf/printf.c         0x00000000   Number         0  printf6.o ABSOLUTE
    ../clib/microlib/printf/printf.c         0x00000000   Number         0  printf3.o ABSOLUTE
    ../clib/microlib/printf/printf.c         0x00000000   Number         0  printf8.o ABSOLUTE
    ../clib/microlib/printf/printf.c         0x00000000   Number         0  printf2.o ABSOLUTE
    ../clib/microlib/printf/printf.c         0x00000000   Number         0  printf1.o ABSOLUTE
    ../clib/microlib/printf/printf.c         0x00000000   Number         0  printf0.o ABSOLUTE
    ../clib/microlib/printf/printf.c         0x00000000   Number         0  printfa.o ABSOLUTE
    ../clib/microlib/printf/printf.c         0x00000000   Number         0  printfb.o ABSOLUTE
    ../clib/microlib/printf/printf.c         0x00000000   Number         0  printf7.o ABSOLUTE
    ../clib/microlib/printf/stubs.s          0x00000000   Number         0  stubs.o ABSOLUTE
    ../clib/microlib/stdio/putc.c            0x00000000   Number         0  putc.o ABSOLUTE
    ../clib/microlib/stdio/streams.c         0x00000000   Number         0  stdout.o ABSOLUTE
    ../clib/microlib/string/memcpy.c         0x00000000   Number         0  memcpyb.o ABSOLUTE
    ../clib/microlib/string/memcpy.c         0x00000000   Number         0  memcpya.o ABSOLUTE
    ../clib/microlib/string/memset.c         0x00000000   Number         0  memseta.o ABSOLUTE
    ../clib/microlib/string/strrchr.c        0x00000000   Number         0  strrchr.o ABSOLUTE
    ../clib/microlib/stubs.s                 0x00000000   Number         0  iusefp.o ABSOLUTE
    ../fplib/microlib/fpadd.c                0x00000000   Number         0  dadd.o ABSOLUTE
    ../fplib/microlib/fpdiv.c                0x00000000   Number         0  ddiv.o ABSOLUTE
    ../fplib/microlib/fpepilogue.c           0x00000000   Number         0  depilogue.o ABSOLUTE
    ../fplib/microlib/fpfix.c                0x00000000   Number         0  dfixul.o ABSOLUTE
    ../fplib/microlib/fpmul.c                0x00000000   Number         0  dmul.o ABSOLUTE
    ..\App\App_Remote.c                      0x00000000   Number         0  app_remote.o ABSOLUTE
    ..\App\App_Task.c                        0x00000000   Number         0  app_task.o ABSOLUTE
    ..\Com\Com_Logger.c                      0x00000000   Number         0  com_logger.o ABSOLUTE
    ..\Core\Src\adc.c                        0x00000000   Number         0  adc.o ABSOLUTE
    ..\Core\Src\dma.c                        0x00000000   Number         0  dma.o ABSOLUTE
    ..\Core\Src\gpio.c                       0x00000000   Number         0  gpio.o ABSOLUTE
    ..\Core\Src\main.c                       0x00000000   Number         0  main.o ABSOLUTE
    ..\Core\Src\spi.c                        0x00000000   Number         0  spi.o ABSOLUTE
    ..\Core\Src\stm32f1xx_hal_msp.c          0x00000000   Number         0  stm32f1xx_hal_msp.o ABSOLUTE
    ..\Core\Src\stm32f1xx_it.c               0x00000000   Number         0  stm32f1xx_it.o ABSOLUTE
    ..\Core\Src\system_stm32f1xx.c           0x00000000   Number         0  system_stm32f1xx.o ABSOLUTE
    ..\Core\Src\usart.c                      0x00000000   Number         0  usart.o ABSOLUTE
    ..\Drivers\STM32F1xx_HAL_Driver\Src\stm32f1xx_hal.c 0x00000000   Number         0  stm32f1xx_hal.o ABSOLUTE
    ..\Drivers\STM32F1xx_HAL_Driver\Src\stm32f1xx_hal_adc.c 0x00000000   Number         0  stm32f1xx_hal_adc.o ABSOLUTE
    ..\Drivers\STM32F1xx_HAL_Driver\Src\stm32f1xx_hal_adc_ex.c 0x00000000   Number         0  stm32f1xx_hal_adc_ex.o ABSOLUTE
    ..\Drivers\STM32F1xx_HAL_Driver\Src\stm32f1xx_hal_cortex.c 0x00000000   Number         0  stm32f1xx_hal_cortex.o ABSOLUTE
    ..\Drivers\STM32F1xx_HAL_Driver\Src\stm32f1xx_hal_dma.c 0x00000000   Number         0  stm32f1xx_hal_dma.o ABSOLUTE
    ..\Drivers\STM32F1xx_HAL_Driver\Src\stm32f1xx_hal_exti.c 0x00000000   Number         0  stm32f1xx_hal_exti.o ABSOLUTE
    ..\Drivers\STM32F1xx_HAL_Driver\Src\stm32f1xx_hal_flash.c 0x00000000   Number         0  stm32f1xx_hal_flash.o ABSOLUTE
    ..\Drivers\STM32F1xx_HAL_Driver\Src\stm32f1xx_hal_flash_ex.c 0x00000000   Number         0  stm32f1xx_hal_flash_ex.o ABSOLUTE
    ..\Drivers\STM32F1xx_HAL_Driver\Src\stm32f1xx_hal_gpio.c 0x00000000   Number         0  stm32f1xx_hal_gpio.o ABSOLUTE
    ..\Drivers\STM32F1xx_HAL_Driver\Src\stm32f1xx_hal_gpio_ex.c 0x00000000   Number         0  stm32f1xx_hal_gpio_ex.o ABSOLUTE
    ..\Drivers\STM32F1xx_HAL_Driver\Src\stm32f1xx_hal_pwr.c 0x00000000   Number         0  stm32f1xx_hal_pwr.o ABSOLUTE
    ..\Drivers\STM32F1xx_HAL_Driver\Src\stm32f1xx_hal_rcc.c 0x00000000   Number         0  stm32f1xx_hal_rcc.o ABSOLUTE
    ..\Drivers\STM32F1xx_HAL_Driver\Src\stm32f1xx_hal_rcc_ex.c 0x00000000   Number         0  stm32f1xx_hal_rcc_ex.o ABSOLUTE
    ..\Drivers\STM32F1xx_HAL_Driver\Src\stm32f1xx_hal_spi.c 0x00000000   Number         0  stm32f1xx_hal_spi.o ABSOLUTE
    ..\Drivers\STM32F1xx_HAL_Driver\Src\stm32f1xx_hal_tim.c 0x00000000   Number         0  stm32f1xx_hal_tim.o ABSOLUTE
    ..\Drivers\STM32F1xx_HAL_Driver\Src\stm32f1xx_hal_tim_ex.c 0x00000000   Number         0  stm32f1xx_hal_tim_ex.o ABSOLUTE
    ..\Drivers\STM32F1xx_HAL_Driver\Src\stm32f1xx_hal_uart.c 0x00000000   Number         0  stm32f1xx_hal_uart.o ABSOLUTE
    ..\Int\Int_IP5305T.c                     0x00000000   Number         0  int_ip5305t.o ABSOLUTE
    ..\Int\Int_Si24R1.c                      0x00000000   Number         0  int_si24r1.o ABSOLUTE
    ..\Mid\FreeRTOS\Portable\heap_4.c        0x00000000   Number         0  heap_4.o ABSOLUTE
    ..\Mid\FreeRTOS\Portable\port.c          0x00000000   Number         0  port.o ABSOLUTE
    ..\Mid\FreeRTOS\Source\croutine.c        0x00000000   Number         0  croutine.o ABSOLUTE
    ..\Mid\FreeRTOS\Source\event_groups.c    0x00000000   Number         0  event_groups.o ABSOLUTE
    ..\Mid\FreeRTOS\Source\list.c            0x00000000   Number         0  list.o ABSOLUTE
    ..\Mid\FreeRTOS\Source\queue.c           0x00000000   Number         0  queue.o ABSOLUTE
    ..\Mid\FreeRTOS\Source\stream_buffer.c   0x00000000   Number         0  stream_buffer.o ABSOLUTE
    ..\Mid\FreeRTOS\Source\tasks.c           0x00000000   Number         0  tasks.o ABSOLUTE
    ..\Mid\FreeRTOS\Source\timers.c          0x00000000   Number         0  timers.o ABSOLUTE
    ..\\App\\App_Remote.c                    0x00000000   Number         0  app_remote.o ABSOLUTE
    ..\\App\\App_Task.c                      0x00000000   Number         0  app_task.o ABSOLUTE
    ..\\Com\\Com_Logger.c                    0x00000000   Number         0  com_logger.o ABSOLUTE
    ..\\Int\\Int_IP5305T.c                   0x00000000   Number         0  int_ip5305t.o ABSOLUTE
    ..\\Int\\Int_Si24R1.c                    0x00000000   Number         0  int_si24r1.o ABSOLUTE
    ..\\Mid\\FreeRTOS\\Portable\\port.c      0x00000000   Number         0  port.o ABSOLUTE
    cdrcmple.s                               0x00000000   Number         0  cdrcmple.o ABSOLUTE
    dc.s                                     0x00000000   Number         0  dc.o ABSOLUTE
    handlers.s                               0x00000000   Number         0  handlers.o ABSOLUTE
    init.s                                   0x00000000   Number         0  init.o ABSOLUTE
    startup_stm32f103xb.s                    0x00000000   Number         0  startup_stm32f103xb.o ABSOLUTE
    RESET                                    0x08000000   Section      236  startup_stm32f103xb.o(RESET)
    .ARM.Collect$$$$00000000                 0x080000ec   Section        0  entry.o(.ARM.Collect$$$$00000000)
    .ARM.Collect$$$$00000001                 0x080000ec   Section        4  entry2.o(.ARM.Collect$$$$00000001)
    .ARM.Collect$$$$00000004                 0x080000f0   Section        4  entry5.o(.ARM.Collect$$$$00000004)
    .ARM.Collect$$$$00000008                 0x080000f4   Section        0  entry7b.o(.ARM.Collect$$$$00000008)
    .ARM.Collect$$$$0000000A                 0x080000f4   Section        0  entry8b.o(.ARM.Collect$$$$0000000A)
    .ARM.Collect$$$$0000000B                 0x080000f4   Section        8  entry9a.o(.ARM.Collect$$$$0000000B)
    .ARM.Collect$$$$0000000D                 0x080000fc   Section        0  entry10a.o(.ARM.Collect$$$$0000000D)
    .ARM.Collect$$$$0000000F                 0x080000fc   Section        0  entry11a.o(.ARM.Collect$$$$0000000F)
    .ARM.Collect$$$$00002712                 0x080000fc   Section        4  entry2.o(.ARM.Collect$$$$00002712)
    __lit__00000000                          0x080000fc   Data           4  entry2.o(.ARM.Collect$$$$00002712)
    .emb_text                                0x08000100   Section      150  port.o(.emb_text)
    .text                                    0x08000198   Section       36  startup_stm32f103xb.o(.text)
    .text                                    0x080001bc   Section        0  llushr.o(.text)
    .text                                    0x080001dc   Section        0  memcpya.o(.text)
    .text                                    0x08000200   Section        0  memseta.o(.text)
    .text                                    0x08000224   Section        0  strrchr.o(.text)
    .text                                    0x08000244   Section        0  uldiv.o(.text)
    .text                                    0x080002a8   Section       36  init.o(.text)
    .text                                    0x080002cc   Section        0  llshl.o(.text)
    i.ADC_ConversionStop_Disable             0x080002ea   Section        0  stm32f1xx_hal_adc.o(i.ADC_ConversionStop_Disable)
    i.ADC_DMAConvCplt                        0x08000346   Section        0  stm32f1xx_hal_adc.o(i.ADC_DMAConvCplt)
    i.ADC_DMAError                           0x08000398   Section        0  stm32f1xx_hal_adc.o(i.ADC_DMAError)
    i.ADC_DMAHalfConvCplt                    0x080003b6   Section        0  stm32f1xx_hal_adc.o(i.ADC_DMAHalfConvCplt)
    i.ADC_Enable                             0x080003c4   Section        0  stm32f1xx_hal_adc.o(i.ADC_Enable)
    i.App_Remote_BuildPacket                 0x08000454   Section        0  app_remote.o(i.App_Remote_BuildPacket)
    i.App_Remote_Calibrate                   0x08000490   Section        0  app_remote.o(i.App_Remote_Calibrate)
    App_Remote_Calibrate                     0x08000491   Thumb Code   372  app_remote.o(i.App_Remote_Calibrate)
    i.App_Remote_KeyScan                     0x080006a0   Section        0  app_remote.o(i.App_Remote_KeyScan)
    i.App_Remote_MidAdjust                   0x08000844   Section        0  app_remote.o(i.App_Remote_MidAdjust)
    App_Remote_MidAdjust                     0x08000845   Thumb Code   122  app_remote.o(i.App_Remote_MidAdjust)
    i.App_Remote_PeakLimit                   0x080008be   Section        0  app_remote.o(i.App_Remote_PeakLimit)
    App_Remote_PeakLimit                     0x080008bf   Thumb Code   130  app_remote.o(i.App_Remote_PeakLimit)
    i.App_Remote_SlidingWindowFilter         0x08000940   Section        0  app_remote.o(i.App_Remote_SlidingWindowFilter)
    App_Remote_SlidingWindowFilter           0x08000941   Thumb Code   280  app_remote.o(i.App_Remote_SlidingWindowFilter)
    i.App_Remote_StickScan                   0x08000a6c   Section        0  app_remote.o(i.App_Remote_StickScan)
    i.App_Task_10000MS                       0x08000ba8   Section        0  app_task.o(i.App_Task_10000MS)
    i.App_Task_4MS                           0x08000bd0   Section        0  app_task.o(i.App_Task_4MS)
    i.BusFault_Handler                       0x08000c04   Section        0  stm32f1xx_it.o(i.BusFault_Handler)
    i.DMA_SetConfig                          0x08000c08   Section        0  stm32f1xx_hal_dma.o(i.DMA_SetConfig)
    DMA_SetConfig                            0x08000c09   Thumb Code    44  stm32f1xx_hal_dma.o(i.DMA_SetConfig)
    i.DebugMon_Handler                       0x08000c34   Section        0  stm32f1xx_it.o(i.DebugMon_Handler)
    i.Dri_SPI1_SwapByte                      0x08000c38   Section        0  spi.o(i.Dri_SPI1_SwapByte)
    i.Error_Handler                          0x08000c58   Section        0  main.o(i.Error_Handler)
    i.FreeRTOS_Start                         0x08000c60   Section        0  app_task.o(i.FreeRTOS_Start)
    i.HAL_ADC_ConfigChannel                  0x08000c90   Section        0  stm32f1xx_hal_adc.o(i.HAL_ADC_ConfigChannel)
    i.HAL_ADC_ConvCpltCallback               0x08000df0   Section        0  stm32f1xx_hal_adc.o(i.HAL_ADC_ConvCpltCallback)
    i.HAL_ADC_ConvHalfCpltCallback           0x08000df2   Section        0  stm32f1xx_hal_adc.o(i.HAL_ADC_ConvHalfCpltCallback)
    i.HAL_ADC_ErrorCallback                  0x08000df4   Section        0  stm32f1xx_hal_adc.o(i.HAL_ADC_ErrorCallback)
    i.HAL_ADC_Init                           0x08000df8   Section        0  stm32f1xx_hal_adc.o(i.HAL_ADC_Init)
    i.HAL_ADC_MspInit                        0x08000f3c   Section        0  adc.o(i.HAL_ADC_MspInit)
    i.HAL_ADC_Start_DMA                      0x08000fec   Section        0  stm32f1xx_hal_adc.o(i.HAL_ADC_Start_DMA)
    i.HAL_DMA_Init                           0x0800116c   Section        0  stm32f1xx_hal_dma.o(i.HAL_DMA_Init)
    i.HAL_DMA_Start_IT                       0x080011d4   Section        0  stm32f1xx_hal_dma.o(i.HAL_DMA_Start_IT)
    i.HAL_Delay                              0x08001270   Section        0  stm32f1xx_hal.o(i.HAL_Delay)
    i.HAL_GPIO_Init                          0x08001298   Section        0  stm32f1xx_hal_gpio.o(i.HAL_GPIO_Init)
    i.HAL_GPIO_ReadPin                       0x080015b8   Section        0  stm32f1xx_hal_gpio.o(i.HAL_GPIO_ReadPin)
    i.HAL_GPIO_WritePin                      0x080015c8   Section        0  stm32f1xx_hal_gpio.o(i.HAL_GPIO_WritePin)
    i.HAL_GetTick                            0x080015d4   Section        0  stm32f1xx_hal.o(i.HAL_GetTick)
    i.HAL_IncTick                            0x080015e0   Section        0  stm32f1xx_hal.o(i.HAL_IncTick)
    i.HAL_Init                               0x080015f8   Section        0  stm32f1xx_hal.o(i.HAL_Init)
    i.HAL_InitTick                           0x08001620   Section        0  stm32f1xx_hal.o(i.HAL_InitTick)
    i.HAL_MspInit                            0x0800166c   Section        0  stm32f1xx_hal_msp.o(i.HAL_MspInit)
    i.HAL_NVIC_SetPriority                   0x080016c0   Section        0  stm32f1xx_hal_cortex.o(i.HAL_NVIC_SetPriority)
    i.HAL_NVIC_SetPriorityGrouping           0x0800173c   Section        0  stm32f1xx_hal_cortex.o(i.HAL_NVIC_SetPriorityGrouping)
    i.HAL_RCCEx_PeriphCLKConfig              0x08001764   Section        0  stm32f1xx_hal_rcc_ex.o(i.HAL_RCCEx_PeriphCLKConfig)
    i.HAL_RCC_ClockConfig                    0x08001894   Section        0  stm32f1xx_hal_rcc.o(i.HAL_RCC_ClockConfig)
    i.HAL_RCC_GetHCLKFreq                    0x08001a20   Section        0  stm32f1xx_hal_rcc.o(i.HAL_RCC_GetHCLKFreq)
    i.HAL_RCC_GetPCLK1Freq                   0x08001a2c   Section        0  stm32f1xx_hal_rcc.o(i.HAL_RCC_GetPCLK1Freq)
    i.HAL_RCC_GetPCLK2Freq                   0x08001a4c   Section        0  stm32f1xx_hal_rcc.o(i.HAL_RCC_GetPCLK2Freq)
    i.HAL_RCC_GetSysClockFreq                0x08001a6c   Section        0  stm32f1xx_hal_rcc.o(i.HAL_RCC_GetSysClockFreq)
    i.HAL_RCC_OscConfig                      0x08001adc   Section        0  stm32f1xx_hal_rcc.o(i.HAL_RCC_OscConfig)
    i.HAL_SPI_Init                           0x08001f40   Section        0  stm32f1xx_hal_spi.o(i.HAL_SPI_Init)
    i.HAL_SPI_MspInit                        0x08002000   Section        0  spi.o(i.HAL_SPI_MspInit)
    i.HAL_SPI_TransmitReceive                0x0800209c   Section        0  stm32f1xx_hal_spi.o(i.HAL_SPI_TransmitReceive)
    i.HAL_SYSTICK_Config                     0x080022e4   Section        0  stm32f1xx_hal_cortex.o(i.HAL_SYSTICK_Config)
    i.HAL_UART_Init                          0x08002318   Section        0  stm32f1xx_hal_uart.o(i.HAL_UART_Init)
    i.HAL_UART_MspInit                       0x08002390   Section        0  usart.o(i.HAL_UART_MspInit)
    i.HAL_UART_Transmit                      0x08002418   Section        0  stm32f1xx_hal_uart.o(i.HAL_UART_Transmit)
    i.HardFault_Handler                      0x080024d6   Section        0  stm32f1xx_it.o(i.HardFault_Handler)
    i.Int_IP5305T_ShortPress                 0x080024dc   Section        0  int_ip5305t.o(i.Int_IP5305T_ShortPress)
    i.Int_IP5305T_Wakeup                     0x08002500   Section        0  int_ip5305t.o(i.Int_IP5305T_Wakeup)
    i.Int_SI24R1_Check                       0x08002508   Section        0  int_si24r1.o(i.Int_SI24R1_Check)
    i.Int_SI24R1_InitTxMode                  0x08002640   Section        0  int_si24r1.o(i.Int_SI24R1_InitTxMode)
    i.Int_SI24R1_ReadByte                    0x080027b8   Section        0  int_si24r1.o(i.Int_SI24R1_ReadByte)
    i.Int_SI24R1_ReadBytes                   0x080027e8   Section        0  int_si24r1.o(i.Int_SI24R1_ReadBytes)
    i.Int_SI24R1_TxPacket                    0x0800282c   Section        0  int_si24r1.o(i.Int_SI24R1_TxPacket)
    i.Int_SI24R1_WriteByte                   0x08002890   Section        0  int_si24r1.o(i.Int_SI24R1_WriteByte)
    i.Int_SI24R1_WriteBytes                  0x080028c0   Section        0  int_si24r1.o(i.Int_SI24R1_WriteBytes)
    i.MX_ADC1_Init                           0x08002900   Section        0  adc.o(i.MX_ADC1_Init)
    i.MX_DMA_Init                            0x0800299c   Section        0  dma.o(i.MX_DMA_Init)
    i.MX_GPIO_Init                           0x080029c0   Section        0  gpio.o(i.MX_GPIO_Init)
    i.MX_SPI1_Init                           0x08002ac0   Section        0  spi.o(i.MX_SPI1_Init)
    i.MX_USART1_UART_Init                    0x08002b04   Section        0  usart.o(i.MX_USART1_UART_Init)
    i.MemManage_Handler                      0x08002b3c   Section        0  stm32f1xx_it.o(i.MemManage_Handler)
    i.NMI_Handler                            0x08002b40   Section        0  stm32f1xx_it.o(i.NMI_Handler)
    i.RCC_Delay                              0x08002b44   Section        0  stm32f1xx_hal_rcc.o(i.RCC_Delay)
    RCC_Delay                                0x08002b45   Thumb Code    36  stm32f1xx_hal_rcc.o(i.RCC_Delay)
    i.SPI_EndRxTxTransaction                 0x08002b6c   Section        0  stm32f1xx_hal_spi.o(i.SPI_EndRxTxTransaction)
    SPI_EndRxTxTransaction                   0x08002b6d   Thumb Code    68  stm32f1xx_hal_spi.o(i.SPI_EndRxTxTransaction)
    i.SPI_WaitFlagStateUntilTimeout          0x08002bb0   Section        0  stm32f1xx_hal_spi.o(i.SPI_WaitFlagStateUntilTimeout)
    SPI_WaitFlagStateUntilTimeout            0x08002bb1   Thumb Code   210  stm32f1xx_hal_spi.o(i.SPI_WaitFlagStateUntilTimeout)
    i.Start_Task                             0x08002c88   Section        0  app_task.o(i.Start_Task)
    i.SysTick_Handler                        0x08002cfc   Section        0  stm32f1xx_it.o(i.SysTick_Handler)
    i.SystemClock_Config                     0x08002d10   Section        0  main.o(i.SystemClock_Config)
    i.SystemInit                             0x08002d94   Section        0  system_stm32f1xx.o(i.SystemInit)
    i.UART_EndRxTransfer                     0x08002d96   Section        0  stm32f1xx_hal_uart.o(i.UART_EndRxTransfer)
    UART_EndRxTransfer                       0x08002d97   Thumb Code   108  stm32f1xx_hal_uart.o(i.UART_EndRxTransfer)
    i.UART_SetConfig                         0x08002e04   Section        0  stm32f1xx_hal_uart.o(i.UART_SetConfig)
    UART_SetConfig                           0x08002e05   Thumb Code   248  stm32f1xx_hal_uart.o(i.UART_SetConfig)
    i.UART_WaitOnFlagUntilTimeout            0x08002f00   Section        0  stm32f1xx_hal_uart.o(i.UART_WaitOnFlagUntilTimeout)
    UART_WaitOnFlagUntilTimeout              0x08002f01   Thumb Code   140  stm32f1xx_hal_uart.o(i.UART_WaitOnFlagUntilTimeout)
    i.UsageFault_Handler                     0x08002f8c   Section        0  stm32f1xx_it.o(i.UsageFault_Handler)
    i.__0printf$8                            0x08002f90   Section        0  printf8.o(i.__0printf$8)
    i.__NVIC_GetPriorityGrouping             0x08002fb0   Section        0  stm32f1xx_hal_cortex.o(i.__NVIC_GetPriorityGrouping)
    __NVIC_GetPriorityGrouping               0x08002fb1   Thumb Code    10  stm32f1xx_hal_cortex.o(i.__NVIC_GetPriorityGrouping)
    i.__NVIC_SetPriority                     0x08002fc0   Section        0  stm32f1xx_hal_cortex.o(i.__NVIC_SetPriority)
    __NVIC_SetPriority                       0x08002fc1   Thumb Code    32  stm32f1xx_hal_cortex.o(i.__NVIC_SetPriority)
    i.__scatterload_copy                     0x08002fe8   Section       14  handlers.o(i.__scatterload_copy)
    i.__scatterload_null                     0x08002ff6   Section        2  handlers.o(i.__scatterload_null)
    i.__scatterload_zeroinit                 0x08002ff8   Section       14  handlers.o(i.__scatterload_zeroinit)
    i._printf_core                           0x08003008   Section        0  printf8.o(i._printf_core)
    _printf_core                             0x08003009   Thumb Code   996  printf8.o(i._printf_core)
    i._printf_post_padding                   0x08003418   Section        0  printf8.o(i._printf_post_padding)
    _printf_post_padding                     0x08003419   Thumb Code    36  printf8.o(i._printf_post_padding)
    i._printf_pre_padding                    0x0800343c   Section        0  printf8.o(i._printf_pre_padding)
    _printf_pre_padding                      0x0800343d   Thumb Code    46  printf8.o(i._printf_pre_padding)
    i.fputc                                  0x0800346c   Section        0  usart.o(i.fputc)
    i.log_dump                               0x08003484   Section        0  com_logger.o(i.log_dump)
    i.main                                   0x08003540   Section        0  main.o(i.main)
    i.prvAddCurrentTaskToDelayedList         0x080035f4   Section        0  tasks.o(i.prvAddCurrentTaskToDelayedList)
    prvAddCurrentTaskToDelayedList           0x080035f5   Thumb Code   164  tasks.o(i.prvAddCurrentTaskToDelayedList)
    i.prvAddNewTaskToReadyList               0x080036b4   Section        0  tasks.o(i.prvAddNewTaskToReadyList)
    prvAddNewTaskToReadyList                 0x080036b5   Thumb Code   200  tasks.o(i.prvAddNewTaskToReadyList)
    i.prvCheckTasksWaitingTermination        0x08003798   Section        0  tasks.o(i.prvCheckTasksWaitingTermination)
    prvCheckTasksWaitingTermination          0x08003799   Thumb Code    60  tasks.o(i.prvCheckTasksWaitingTermination)
    i.prvDeleteTCB                           0x080037e0   Section        0  tasks.o(i.prvDeleteTCB)
    prvDeleteTCB                             0x080037e1   Thumb Code    18  tasks.o(i.prvDeleteTCB)
    i.prvHeapInit                            0x080037f4   Section        0  heap_4.o(i.prvHeapInit)
    prvHeapInit                              0x080037f5   Thumb Code    90  heap_4.o(i.prvHeapInit)
    i.prvIdleTask                            0x08003864   Section        0  tasks.o(i.prvIdleTask)
    prvIdleTask                              0x08003865   Thumb Code    32  tasks.o(i.prvIdleTask)
    i.prvInitialiseNewTask                   0x0800388c   Section        0  tasks.o(i.prvInitialiseNewTask)
    prvInitialiseNewTask                     0x0800388d   Thumb Code   122  tasks.o(i.prvInitialiseNewTask)
    i.prvInitialiseTaskLists                 0x08003908   Section        0  tasks.o(i.prvInitialiseTaskLists)
    prvInitialiseTaskLists                   0x08003909   Thumb Code    70  tasks.o(i.prvInitialiseTaskLists)
    i.prvInsertBlockIntoFreeList             0x08003970   Section        0  heap_4.o(i.prvInsertBlockIntoFreeList)
    prvInsertBlockIntoFreeList               0x08003971   Thumb Code    96  heap_4.o(i.prvInsertBlockIntoFreeList)
    i.prvResetNextTaskUnblockTime            0x080039d8   Section        0  tasks.o(i.prvResetNextTaskUnblockTime)
    prvResetNextTaskUnblockTime              0x080039d9   Thumb Code    40  tasks.o(i.prvResetNextTaskUnblockTime)
    i.prvTaskExitError                       0x08003a08   Section        0  port.o(i.prvTaskExitError)
    prvTaskExitError                         0x08003a09   Thumb Code    22  port.o(i.prvTaskExitError)
    i.putc                                   0x08003a1e   Section        0  putc.o(i.putc)
    i.pvPortMalloc                           0x08003a24   Section        0  heap_4.o(i.pvPortMalloc)
    i.pxPortInitialiseStack                  0x08003b08   Section        0  port.o(i.pxPortInitialiseStack)
    i.uxListRemove                           0x08003b2c   Section        0  list.o(i.uxListRemove)
    i.vListInitialise                        0x08003b54   Section        0  list.o(i.vListInitialise)
    i.vListInitialiseItem                    0x08003b6e   Section        0  list.o(i.vListInitialiseItem)
    i.vListInsert                            0x08003b74   Section        0  list.o(i.vListInsert)
    i.vListInsertEnd                         0x08003ba8   Section        0  list.o(i.vListInsertEnd)
    i.vPortEnterCritical                     0x08003bc0   Section        0  port.o(i.vPortEnterCritical)
    i.vPortExitCritical                      0x08003be4   Section        0  port.o(i.vPortExitCritical)
    i.vPortFree                              0x08003c04   Section        0  heap_4.o(i.vPortFree)
    i.vPortSetupTimerInterrupt               0x08003c50   Section        0  port.o(i.vPortSetupTimerInterrupt)
    i.vTaskDelay                             0x08003c68   Section        0  tasks.o(i.vTaskDelay)
    i.vTaskDelete                            0x08003c9c   Section        0  tasks.o(i.vTaskDelete)
    i.vTaskStartScheduler                    0x08003d70   Section        0  tasks.o(i.vTaskStartScheduler)
    i.vTaskSuspendAll                        0x08003ddc   Section        0  tasks.o(i.vTaskSuspendAll)
    i.vTaskSwitchContext                     0x08003dec   Section        0  tasks.o(i.vTaskSwitchContext)
    i.xPortStartScheduler                    0x08003e4c   Section        0  port.o(i.xPortStartScheduler)
    i.xPortSysTickHandler                    0x08003e80   Section        0  port.o(i.xPortSysTickHandler)
    i.xTaskCreate                            0x08003eb4   Section        0  tasks.o(i.xTaskCreate)
    i.xTaskDelayUntil                        0x08003f1c   Section        0  tasks.o(i.xTaskDelayUntil)
    i.xTaskGetSchedulerState                 0x08003f90   Section        0  tasks.o(i.xTaskGetSchedulerState)
    i.xTaskGetTickCount                      0x08003fb0   Section        0  tasks.o(i.xTaskGetTickCount)
    i.xTaskIncrementTick                     0x08003fbc   Section        0  tasks.o(i.xTaskIncrementTick)
    i.xTaskResumeAll                         0x0800414c   Section        0  tasks.o(i.xTaskResumeAll)
    .constdata                               0x080042a8   Section       18  stm32f1xx_hal_rcc.o(.constdata)
    aPLLMULFactorTable                       0x080042a8   Data          16  stm32f1xx_hal_rcc.o(.constdata)
    aPredivFactorTable                       0x080042b8   Data           2  stm32f1xx_hal_rcc.o(.constdata)
    .constdata                               0x080042ba   Section       24  system_stm32f1xx.o(.constdata)
    .data                                    0x20000000   Section        9  stm32f1xx_hal.o(.data)
    .data                                    0x2000000c   Section        4  system_stm32f1xx.o(.data)
    .data                                    0x20000010   Section       38  app_remote.o(.data)
    index                                    0x20000020   Data           1  app_remote.o(.data)
    keyPressedTimes                          0x20000021   Data           1  app_remote.o(.data)
    sumTHR                                   0x20000024   Data           4  app_remote.o(.data)
    sumYAW                                   0x20000028   Data           4  app_remote.o(.data)
    sumPIT                                   0x2000002c   Data           4  app_remote.o(.data)
    sumROL                                   0x20000030   Data           4  app_remote.o(.data)
    sumTimes                                 0x20000034   Data           2  app_remote.o(.data)
    .data                                    0x20000038   Section       12  app_task.o(.data)
    .data                                    0x20000044   Section       10  int_si24r1.o(.data)
    .data                                    0x20000050   Section       64  tasks.o(.data)
    pxDelayedTaskList                        0x20000054   Data           4  tasks.o(.data)
    pxOverflowDelayedTaskList                0x20000058   Data           4  tasks.o(.data)
    uxDeletedTasksWaitingCleanUp             0x2000005c   Data           4  tasks.o(.data)
    uxCurrentNumberOfTasks                   0x20000060   Data           4  tasks.o(.data)
    xTickCount                               0x20000064   Data           4  tasks.o(.data)
    uxTopReadyPriority                       0x20000068   Data           4  tasks.o(.data)
    xSchedulerRunning                        0x2000006c   Data           4  tasks.o(.data)
    xPendedTicks                             0x20000070   Data           4  tasks.o(.data)
    xYieldPending                            0x20000074   Data           4  tasks.o(.data)
    xNumOfOverflows                          0x20000078   Data           4  tasks.o(.data)
    uxTaskNumber                             0x2000007c   Data           4  tasks.o(.data)
    xNextTaskUnblockTime                     0x20000080   Data           4  tasks.o(.data)
    xIdleTaskHandle                          0x20000084   Data           4  tasks.o(.data)
    uxSchedulerSuspended                     0x2000008c   Data           4  tasks.o(.data)
    .data                                    0x20000090   Section       28  heap_4.o(.data)
    xStart                                   0x20000090   Data           8  heap_4.o(.data)
    pxEnd                                    0x20000098   Data           4  heap_4.o(.data)
    xFreeBytesRemaining                      0x2000009c   Data           4  heap_4.o(.data)
    xMinimumEverFreeBytesRemaining           0x200000a0   Data           4  heap_4.o(.data)
    xNumberOfSuccessfulAllocations           0x200000a4   Data           4  heap_4.o(.data)
    xNumberOfSuccessfulFrees                 0x200000a8   Data           4  heap_4.o(.data)
    .data                                    0x200000ac   Section        4  port.o(.data)
    uxCriticalNesting                        0x200000ac   Data           4  port.o(.data)
    .data                                    0x200000b0   Section        4  stdout.o(.data)
    .bss                                     0x200000b4   Section      116  adc.o(.bss)
    .bss                                     0x20000128   Section       88  spi.o(.bss)
    .bss                                     0x20000180   Section       72  usart.o(.bss)
    .bss                                     0x200001c8   Section      116  app_remote.o(.bss)
    .bss                                     0x2000023c   Section      740  tasks.o(.bss)
    pxReadyTasksLists                        0x2000023c   Data         640  tasks.o(.bss)
    xDelayedTaskList1                        0x200004bc   Data          20  tasks.o(.bss)
    xDelayedTaskList2                        0x200004d0   Data          20  tasks.o(.bss)
    xPendingReadyList                        0x200004e4   Data          20  tasks.o(.bss)
    xTasksWaitingTermination                 0x200004f8   Data          20  tasks.o(.bss)
    xSuspendedTaskList                       0x2000050c   Data          20  tasks.o(.bss)
    .bss                                     0x20000520   Section    15360  heap_4.o(.bss)
    ucHeap                                   0x20000520   Data       15360  heap_4.o(.bss)
    STACK                                    0x20004120   Section     1024  startup_stm32f103xb.o(STACK)

    Global Symbols

    Symbol Name                              Value     Ov Type        Size  Object(Section)

    BuildAttributes$$THM_ISAv4$P$D$K$B$S$PE$A:L22UL41UL21$X:L11$S22US41US21$IEEE1$IW$USESV6$~STKCKD$USESV7$~SHL$OSPACE$ROPI$EBA8$MICROLIB$REQ8$PRES8$EABIv2 0x00000000   Number         0  anon$$obj.o ABSOLUTE
    __ARM_use_no_argv                        0x00000000   Number         0  main.o ABSOLUTE
    _printf_a                                0x00000000   Number         0  stubs.o ABSOLUTE
    _printf_c                                0x00000000   Number         0  stubs.o ABSOLUTE
    _printf_charcount                        0x00000000   Number         0  stubs.o ABSOLUTE
    _printf_d                                0x00000000   Number         0  stubs.o ABSOLUTE
    _printf_e                                0x00000000   Number         0  stubs.o ABSOLUTE
    _printf_f                                0x00000000   Number         0  stubs.o ABSOLUTE
    _printf_flags                            0x00000000   Number         0  stubs.o ABSOLUTE
    _printf_fp_dec                           0x00000000   Number         0  stubs.o ABSOLUTE
    _printf_fp_hex                           0x00000000   Number         0  stubs.o ABSOLUTE
    _printf_g                                0x00000000   Number         0  stubs.o ABSOLUTE
    _printf_i                                0x00000000   Number         0  stubs.o ABSOLUTE
    _printf_int_dec                          0x00000000   Number         0  stubs.o ABSOLUTE
    _printf_l                                0x00000000   Number         0  stubs.o ABSOLUTE
    _printf_lc                               0x00000000   Number         0  stubs.o ABSOLUTE
    _printf_ll                               0x00000000   Number         0  stubs.o ABSOLUTE
    _printf_lld                              0x00000000   Number         0  stubs.o ABSOLUTE
    _printf_lli                              0x00000000   Number         0  stubs.o ABSOLUTE
    _printf_llo                              0x00000000   Number         0  stubs.o ABSOLUTE
    _printf_llu                              0x00000000   Number         0  stubs.o ABSOLUTE
    _printf_llx                              0x00000000   Number         0  stubs.o ABSOLUTE
    _printf_longlong_dec                     0x00000000   Number         0  stubs.o ABSOLUTE
    _printf_longlong_hex                     0x00000000   Number         0  stubs.o ABSOLUTE
    _printf_longlong_oct                     0x00000000   Number         0  stubs.o ABSOLUTE
    _printf_ls                               0x00000000   Number         0  stubs.o ABSOLUTE
    _printf_mbtowc                           0x00000000   Number         0  stubs.o ABSOLUTE
    _printf_n                                0x00000000   Number         0  stubs.o ABSOLUTE
    _printf_o                                0x00000000   Number         0  stubs.o ABSOLUTE
    _printf_p                                0x00000000   Number         0  stubs.o ABSOLUTE
    _printf_percent                          0x00000000   Number         0  stubs.o ABSOLUTE
    _printf_pre_padding                      0x00000000   Number         0  stubs.o ABSOLUTE
    _printf_return_value                     0x00000000   Number         0  stubs.o ABSOLUTE
    _printf_s                                0x00000000   Number         0  stubs.o ABSOLUTE
    _printf_sizespec                         0x00000000   Number         0  stubs.o ABSOLUTE
    _printf_str                              0x00000000   Number         0  stubs.o ABSOLUTE
    _printf_truncate_signed                  0x00000000   Number         0  stubs.o ABSOLUTE
    _printf_truncate_unsigned                0x00000000   Number         0  stubs.o ABSOLUTE
    _printf_u                                0x00000000   Number         0  stubs.o ABSOLUTE
    _printf_wc                               0x00000000   Number         0  stubs.o ABSOLUTE
    _printf_wctomb                           0x00000000   Number         0  stubs.o ABSOLUTE
    _printf_widthprec                        0x00000000   Number         0  stubs.o ABSOLUTE
    _printf_x                                0x00000000   Number         0  stubs.o ABSOLUTE
    __cpp_initialize__aeabi_                  - Undefined Weak Reference
    __cxa_finalize                            - Undefined Weak Reference
    __decompress                              - Undefined Weak Reference
    _clock_init                               - Undefined Weak Reference
    _microlib_exit                            - Undefined Weak Reference
    __Vectors_Size                           0x000000ec   Number         0  startup_stm32f103xb.o ABSOLUTE
    __Vectors                                0x08000000   Data           4  startup_stm32f103xb.o(RESET)
    __Vectors_End                            0x080000ec   Data           0  startup_stm32f103xb.o(RESET)
    __main                                   0x080000ed   Thumb Code     0  entry.o(.ARM.Collect$$$$00000000)
    _main_stk                                0x080000ed   Thumb Code     0  entry2.o(.ARM.Collect$$$$00000001)
    _main_scatterload                        0x080000f1   Thumb Code     0  entry5.o(.ARM.Collect$$$$00000004)
    __main_after_scatterload                 0x080000f5   Thumb Code     0  entry5.o(.ARM.Collect$$$$00000004)
    _main_clock                              0x080000f5   Thumb Code     0  entry7b.o(.ARM.Collect$$$$00000008)
    _main_cpp_init                           0x080000f5   Thumb Code     0  entry8b.o(.ARM.Collect$$$$0000000A)
    _main_init                               0x080000f5   Thumb Code     0  entry9a.o(.ARM.Collect$$$$0000000B)
    __rt_final_cpp                           0x080000fd   Thumb Code     0  entry10a.o(.ARM.Collect$$$$0000000D)
    __rt_final_exit                          0x080000fd   Thumb Code     0  entry11a.o(.ARM.Collect$$$$0000000F)
    SVC_Handler                              0x08000101   Thumb Code    32  port.o(.emb_text)
    __asm___6_port_c_39a90d8d__prvStartFirstTask 0x08000125   Thumb Code    28  port.o(.emb_text)
    PendSV_Handler                           0x08000145   Thumb Code    72  port.o(.emb_text)
    vPortGetIPSR                             0x08000191   Thumb Code     6  port.o(.emb_text)
    Reset_Handler                            0x08000199   Thumb Code     8  startup_stm32f103xb.o(.text)
    ADC1_2_IRQHandler                        0x080001b3   Thumb Code     0  startup_stm32f103xb.o(.text)
    CAN1_RX1_IRQHandler                      0x080001b3   Thumb Code     0  startup_stm32f103xb.o(.text)
    CAN1_SCE_IRQHandler                      0x080001b3   Thumb Code     0  startup_stm32f103xb.o(.text)
    DMA1_Channel1_IRQHandler                 0x080001b3   Thumb Code     0  startup_stm32f103xb.o(.text)
    DMA1_Channel2_IRQHandler                 0x080001b3   Thumb Code     0  startup_stm32f103xb.o(.text)
    DMA1_Channel3_IRQHandler                 0x080001b3   Thumb Code     0  startup_stm32f103xb.o(.text)
    DMA1_Channel4_IRQHandler                 0x080001b3   Thumb Code     0  startup_stm32f103xb.o(.text)
    DMA1_Channel5_IRQHandler                 0x080001b3   Thumb Code     0  startup_stm32f103xb.o(.text)
    DMA1_Channel6_IRQHandler                 0x080001b3   Thumb Code     0  startup_stm32f103xb.o(.text)
    DMA1_Channel7_IRQHandler                 0x080001b3   Thumb Code     0  startup_stm32f103xb.o(.text)
    EXTI0_IRQHandler                         0x080001b3   Thumb Code     0  startup_stm32f103xb.o(.text)
    EXTI15_10_IRQHandler                     0x080001b3   Thumb Code     0  startup_stm32f103xb.o(.text)
    EXTI1_IRQHandler                         0x080001b3   Thumb Code     0  startup_stm32f103xb.o(.text)
    EXTI2_IRQHandler                         0x080001b3   Thumb Code     0  startup_stm32f103xb.o(.text)
    EXTI3_IRQHandler                         0x080001b3   Thumb Code     0  startup_stm32f103xb.o(.text)
    EXTI4_IRQHandler                         0x080001b3   Thumb Code     0  startup_stm32f103xb.o(.text)
    EXTI9_5_IRQHandler                       0x080001b3   Thumb Code     0  startup_stm32f103xb.o(.text)
    FLASH_IRQHandler                         0x080001b3   Thumb Code     0  startup_stm32f103xb.o(.text)
    I2C1_ER_IRQHandler                       0x080001b3   Thumb Code     0  startup_stm32f103xb.o(.text)
    I2C1_EV_IRQHandler                       0x080001b3   Thumb Code     0  startup_stm32f103xb.o(.text)
    I2C2_ER_IRQHandler                       0x080001b3   Thumb Code     0  startup_stm32f103xb.o(.text)
    I2C2_EV_IRQHandler                       0x080001b3   Thumb Code     0  startup_stm32f103xb.o(.text)
    PVD_IRQHandler                           0x080001b3   Thumb Code     0  startup_stm32f103xb.o(.text)
    RCC_IRQHandler                           0x080001b3   Thumb Code     0  startup_stm32f103xb.o(.text)
    RTC_Alarm_IRQHandler                     0x080001b3   Thumb Code     0  startup_stm32f103xb.o(.text)
    RTC_IRQHandler                           0x080001b3   Thumb Code     0  startup_stm32f103xb.o(.text)
    SPI1_IRQHandler                          0x080001b3   Thumb Code     0  startup_stm32f103xb.o(.text)
    SPI2_IRQHandler                          0x080001b3   Thumb Code     0  startup_stm32f103xb.o(.text)
    TAMPER_IRQHandler                        0x080001b3   Thumb Code     0  startup_stm32f103xb.o(.text)
    TIM1_BRK_IRQHandler                      0x080001b3   Thumb Code     0  startup_stm32f103xb.o(.text)
    TIM1_CC_IRQHandler                       0x080001b3   Thumb Code     0  startup_stm32f103xb.o(.text)
    TIM1_TRG_COM_IRQHandler                  0x080001b3   Thumb Code     0  startup_stm32f103xb.o(.text)
    TIM1_UP_IRQHandler                       0x080001b3   Thumb Code     0  startup_stm32f103xb.o(.text)
    TIM2_IRQHandler                          0x080001b3   Thumb Code     0  startup_stm32f103xb.o(.text)
    TIM3_IRQHandler                          0x080001b3   Thumb Code     0  startup_stm32f103xb.o(.text)
    TIM4_IRQHandler                          0x080001b3   Thumb Code     0  startup_stm32f103xb.o(.text)
    USART1_IRQHandler                        0x080001b3   Thumb Code     0  startup_stm32f103xb.o(.text)
    USART2_IRQHandler                        0x080001b3   Thumb Code     0  startup_stm32f103xb.o(.text)
    USART3_IRQHandler                        0x080001b3   Thumb Code     0  startup_stm32f103xb.o(.text)
    USBWakeUp_IRQHandler                     0x080001b3   Thumb Code     0  startup_stm32f103xb.o(.text)
    USB_HP_CAN1_TX_IRQHandler                0x080001b3   Thumb Code     0  startup_stm32f103xb.o(.text)
    USB_LP_CAN1_RX0_IRQHandler               0x080001b3   Thumb Code     0  startup_stm32f103xb.o(.text)
    WWDG_IRQHandler                          0x080001b3   Thumb Code     0  startup_stm32f103xb.o(.text)
    __aeabi_llsr                             0x080001bd   Thumb Code    32  llushr.o(.text)
    _ll_ushift_r                             0x080001bd   Thumb Code     0  llushr.o(.text)
    __aeabi_memcpy                           0x080001dd   Thumb Code    36  memcpya.o(.text)
    __aeabi_memcpy4                          0x080001dd   Thumb Code     0  memcpya.o(.text)
    __aeabi_memcpy8                          0x080001dd   Thumb Code     0  memcpya.o(.text)
    __aeabi_memset                           0x08000201   Thumb Code    14  memseta.o(.text)
    __aeabi_memset4                          0x08000201   Thumb Code     0  memseta.o(.text)
    __aeabi_memset8                          0x08000201   Thumb Code     0  memseta.o(.text)
    __aeabi_memclr                           0x0800020f   Thumb Code     4  memseta.o(.text)
    __aeabi_memclr4                          0x0800020f   Thumb Code     0  memseta.o(.text)
    __aeabi_memclr8                          0x0800020f   Thumb Code     0  memseta.o(.text)
    _memset$wrapper                          0x08000213   Thumb Code    18  memseta.o(.text)
    strrchr                                  0x08000225   Thumb Code    32  strrchr.o(.text)
    __aeabi_uldivmod                         0x08000245   Thumb Code    98  uldiv.o(.text)
    __scatterload                            0x080002a9   Thumb Code    28  init.o(.text)
    __scatterload_rt2                        0x080002a9   Thumb Code     0  init.o(.text)
    __aeabi_llsl                             0x080002cd   Thumb Code    30  llshl.o(.text)
    _ll_shift_l                              0x080002cd   Thumb Code     0  llshl.o(.text)
    ADC_ConversionStop_Disable               0x080002eb   Thumb Code    92  stm32f1xx_hal_adc.o(i.ADC_ConversionStop_Disable)
    ADC_DMAConvCplt                          0x08000347   Thumb Code    82  stm32f1xx_hal_adc.o(i.ADC_DMAConvCplt)
    ADC_DMAError                             0x08000399   Thumb Code    30  stm32f1xx_hal_adc.o(i.ADC_DMAError)
    ADC_DMAHalfConvCplt                      0x080003b7   Thumb Code    14  stm32f1xx_hal_adc.o(i.ADC_DMAHalfConvCplt)
    ADC_Enable                               0x080003c5   Thumb Code   134  stm32f1xx_hal_adc.o(i.ADC_Enable)
    App_Remote_BuildPacket                   0x08000455   Thumb Code    58  app_remote.o(i.App_Remote_BuildPacket)
    App_Remote_KeyScan                       0x080006a1   Thumb Code   316  app_remote.o(i.App_Remote_KeyScan)
    App_Remote_StickScan                     0x08000a6d   Thumb Code   214  app_remote.o(i.App_Remote_StickScan)
    App_Task_10000MS                         0x08000ba9   Thumb Code    38  app_task.o(i.App_Task_10000MS)
    App_Task_4MS                             0x08000bd1   Thumb Code    46  app_task.o(i.App_Task_4MS)
    BusFault_Handler                         0x08000c05   Thumb Code     4  stm32f1xx_it.o(i.BusFault_Handler)
    DebugMon_Handler                         0x08000c35   Thumb Code     2  stm32f1xx_it.o(i.DebugMon_Handler)
    Dri_SPI1_SwapByte                        0x08000c39   Thumb Code    26  spi.o(i.Dri_SPI1_SwapByte)
    Error_Handler                            0x08000c59   Thumb Code     6  main.o(i.Error_Handler)
    FreeRTOS_Start                           0x08000c61   Thumb Code    28  app_task.o(i.FreeRTOS_Start)
    HAL_ADC_ConfigChannel                    0x08000c91   Thumb Code   338  stm32f1xx_hal_adc.o(i.HAL_ADC_ConfigChannel)
    HAL_ADC_ConvCpltCallback                 0x08000df1   Thumb Code     2  stm32f1xx_hal_adc.o(i.HAL_ADC_ConvCpltCallback)
    HAL_ADC_ConvHalfCpltCallback             0x08000df3   Thumb Code     2  stm32f1xx_hal_adc.o(i.HAL_ADC_ConvHalfCpltCallback)
    HAL_ADC_ErrorCallback                    0x08000df5   Thumb Code     2  stm32f1xx_hal_adc.o(i.HAL_ADC_ErrorCallback)
    HAL_ADC_Init                             0x08000df9   Thumb Code   314  stm32f1xx_hal_adc.o(i.HAL_ADC_Init)
    HAL_ADC_MspInit                          0x08000f3d   Thumb Code   154  adc.o(i.HAL_ADC_MspInit)
    HAL_ADC_Start_DMA                        0x08000fed   Thumb Code   362  stm32f1xx_hal_adc.o(i.HAL_ADC_Start_DMA)
    HAL_DMA_Init                             0x0800116d   Thumb Code   100  stm32f1xx_hal_dma.o(i.HAL_DMA_Init)
    HAL_DMA_Start_IT                         0x080011d5   Thumb Code   156  stm32f1xx_hal_dma.o(i.HAL_DMA_Start_IT)
    HAL_Delay                                0x08001271   Thumb Code    36  stm32f1xx_hal.o(i.HAL_Delay)
    HAL_GPIO_Init                            0x08001299   Thumb Code   766  stm32f1xx_hal_gpio.o(i.HAL_GPIO_Init)
    HAL_GPIO_ReadPin                         0x080015b9   Thumb Code    16  stm32f1xx_hal_gpio.o(i.HAL_GPIO_ReadPin)
    HAL_GPIO_WritePin                        0x080015c9   Thumb Code    12  stm32f1xx_hal_gpio.o(i.HAL_GPIO_WritePin)
    HAL_GetTick                              0x080015d5   Thumb Code     6  stm32f1xx_hal.o(i.HAL_GetTick)
    HAL_IncTick                              0x080015e1   Thumb Code    16  stm32f1xx_hal.o(i.HAL_IncTick)
    HAL_Init                                 0x080015f9   Thumb Code    34  stm32f1xx_hal.o(i.HAL_Init)
    HAL_InitTick                             0x08001621   Thumb Code    64  stm32f1xx_hal.o(i.HAL_InitTick)
    HAL_MspInit                              0x0800166d   Thumb Code    76  stm32f1xx_hal_msp.o(i.HAL_MspInit)
    HAL_NVIC_SetPriority                     0x080016c1   Thumb Code   124  stm32f1xx_hal_cortex.o(i.HAL_NVIC_SetPriority)
    HAL_NVIC_SetPriorityGrouping             0x0800173d   Thumb Code    32  stm32f1xx_hal_cortex.o(i.HAL_NVIC_SetPriorityGrouping)
    HAL_RCCEx_PeriphCLKConfig                0x08001765   Thumb Code   290  stm32f1xx_hal_rcc_ex.o(i.HAL_RCCEx_PeriphCLKConfig)
    HAL_RCC_ClockConfig                      0x08001895   Thumb Code   376  stm32f1xx_hal_rcc.o(i.HAL_RCC_ClockConfig)
    HAL_RCC_GetHCLKFreq                      0x08001a21   Thumb Code     6  stm32f1xx_hal_rcc.o(i.HAL_RCC_GetHCLKFreq)
    HAL_RCC_GetPCLK1Freq                     0x08001a2d   Thumb Code    22  stm32f1xx_hal_rcc.o(i.HAL_RCC_GetPCLK1Freq)
    HAL_RCC_GetPCLK2Freq                     0x08001a4d   Thumb Code    22  stm32f1xx_hal_rcc.o(i.HAL_RCC_GetPCLK2Freq)
    HAL_RCC_GetSysClockFreq                  0x08001a6d   Thumb Code    92  stm32f1xx_hal_rcc.o(i.HAL_RCC_GetSysClockFreq)
    HAL_RCC_OscConfig                        0x08001add   Thumb Code  1114  stm32f1xx_hal_rcc.o(i.HAL_RCC_OscConfig)
    HAL_SPI_Init                             0x08001f41   Thumb Code   190  stm32f1xx_hal_spi.o(i.HAL_SPI_Init)
    HAL_SPI_MspInit                          0x08002001   Thumb Code   138  spi.o(i.HAL_SPI_MspInit)
    HAL_SPI_TransmitReceive                  0x0800209d   Thumb Code   584  stm32f1xx_hal_spi.o(i.HAL_SPI_TransmitReceive)
    HAL_SYSTICK_Config                       0x080022e5   Thumb Code    52  stm32f1xx_hal_cortex.o(i.HAL_SYSTICK_Config)
    HAL_UART_Init                            0x08002319   Thumb Code   118  stm32f1xx_hal_uart.o(i.HAL_UART_Init)
    HAL_UART_MspInit                         0x08002391   Thumb Code   122  usart.o(i.HAL_UART_MspInit)
    HAL_UART_Transmit                        0x08002419   Thumb Code   190  stm32f1xx_hal_uart.o(i.HAL_UART_Transmit)
    HardFault_Handler                        0x080024d7   Thumb Code     4  stm32f1xx_it.o(i.HardFault_Handler)
    Int_IP5305T_ShortPress                   0x080024dd   Thumb Code    32  int_ip5305t.o(i.Int_IP5305T_ShortPress)
    Int_IP5305T_Wakeup                       0x08002501   Thumb Code     8  int_ip5305t.o(i.Int_IP5305T_Wakeup)
    Int_SI24R1_Check                         0x08002509   Thumb Code   154  int_si24r1.o(i.Int_SI24R1_Check)
    Int_SI24R1_InitTxMode                    0x08002641   Thumb Code   242  int_si24r1.o(i.Int_SI24R1_InitTxMode)
    Int_SI24R1_ReadByte                      0x080027b9   Thumb Code    44  int_si24r1.o(i.Int_SI24R1_ReadByte)
    Int_SI24R1_ReadBytes                     0x080027e9   Thumb Code    62  int_si24r1.o(i.Int_SI24R1_ReadBytes)
    Int_SI24R1_TxPacket                      0x0800282d   Thumb Code    96  int_si24r1.o(i.Int_SI24R1_TxPacket)
    Int_SI24R1_WriteByte                     0x08002891   Thumb Code    42  int_si24r1.o(i.Int_SI24R1_WriteByte)
    Int_SI24R1_WriteBytes                    0x080028c1   Thumb Code    60  int_si24r1.o(i.Int_SI24R1_WriteBytes)
    MX_ADC1_Init                             0x08002901   Thumb Code   148  adc.o(i.MX_ADC1_Init)
    MX_DMA_Init                              0x0800299d   Thumb Code    32  dma.o(i.MX_DMA_Init)
    MX_GPIO_Init                             0x080029c1   Thumb Code   244  gpio.o(i.MX_GPIO_Init)
    MX_SPI1_Init                             0x08002ac1   Thumb Code    60  spi.o(i.MX_SPI1_Init)
    MX_USART1_UART_Init                      0x08002b05   Thumb Code    46  usart.o(i.MX_USART1_UART_Init)
    MemManage_Handler                        0x08002b3d   Thumb Code     4  stm32f1xx_it.o(i.MemManage_Handler)
    NMI_Handler                              0x08002b41   Thumb Code     4  stm32f1xx_it.o(i.NMI_Handler)
    Start_Task                               0x08002c89   Thumb Code    62  app_task.o(i.Start_Task)
    SysTick_Handler                          0x08002cfd   Thumb Code    20  stm32f1xx_it.o(i.SysTick_Handler)
    SystemClock_Config                       0x08002d11   Thumb Code   132  main.o(i.SystemClock_Config)
    SystemInit                               0x08002d95   Thumb Code     2  system_stm32f1xx.o(i.SystemInit)
    UsageFault_Handler                       0x08002f8d   Thumb Code     4  stm32f1xx_it.o(i.UsageFault_Handler)
    __0printf$8                              0x08002f91   Thumb Code    22  printf8.o(i.__0printf$8)
    __1printf$8                              0x08002f91   Thumb Code     0  printf8.o(i.__0printf$8)
    __2printf                                0x08002f91   Thumb Code     0  printf8.o(i.__0printf$8)
    __scatterload_copy                       0x08002fe9   Thumb Code    14  handlers.o(i.__scatterload_copy)
    __scatterload_null                       0x08002ff7   Thumb Code     2  handlers.o(i.__scatterload_null)
    __scatterload_zeroinit                   0x08002ff9   Thumb Code    14  handlers.o(i.__scatterload_zeroinit)
    fputc                                    0x0800346d   Thumb Code    20  usart.o(i.fputc)
    log_dump                                 0x08003485   Thumb Code   176  com_logger.o(i.log_dump)
    main                                     0x08003541   Thumb Code   106  main.o(i.main)
    putc                                     0x08003a1f   Thumb Code     4  putc.o(i.putc)
    pvPortMalloc                             0x08003a25   Thumb Code   208  heap_4.o(i.pvPortMalloc)
    pxPortInitialiseStack                    0x08003b09   Thumb Code    30  port.o(i.pxPortInitialiseStack)
    uxListRemove                             0x08003b2d   Thumb Code    40  list.o(i.uxListRemove)
    vListInitialise                          0x08003b55   Thumb Code    26  list.o(i.vListInitialise)
    vListInitialiseItem                      0x08003b6f   Thumb Code     6  list.o(i.vListInitialiseItem)
    vListInsert                              0x08003b75   Thumb Code    52  list.o(i.vListInsert)
    vListInsertEnd                           0x08003ba9   Thumb Code    24  list.o(i.vListInsertEnd)
    vPortEnterCritical                       0x08003bc1   Thumb Code    30  port.o(i.vPortEnterCritical)
    vPortExitCritical                        0x08003be5   Thumb Code    28  port.o(i.vPortExitCritical)
    vPortFree                                0x08003c05   Thumb Code    68  heap_4.o(i.vPortFree)
    vPortSetupTimerInterrupt                 0x08003c51   Thumb Code    20  port.o(i.vPortSetupTimerInterrupt)
    vTaskDelay                               0x08003c69   Thumb Code    46  tasks.o(i.vTaskDelay)
    vTaskDelete                              0x08003c9d   Thumb Code   174  tasks.o(i.vTaskDelete)
    vTaskStartScheduler                      0x08003d71   Thumb Code    76  tasks.o(i.vTaskStartScheduler)
    vTaskSuspendAll                          0x08003ddd   Thumb Code    12  tasks.o(i.vTaskSuspendAll)
    vTaskSwitchContext                       0x08003ded   Thumb Code    76  tasks.o(i.vTaskSwitchContext)
    xPortStartScheduler                      0x08003e4d   Thumb Code    42  port.o(i.xPortStartScheduler)
    xPortSysTickHandler                      0x08003e81   Thumb Code    46  port.o(i.xPortSysTickHandler)
    xTaskCreate                              0x08003eb5   Thumb Code   104  tasks.o(i.xTaskCreate)
    xTaskDelayUntil                          0x08003f1d   Thumb Code   108  tasks.o(i.xTaskDelayUntil)
    xTaskGetSchedulerState                   0x08003f91   Thumb Code    24  tasks.o(i.xTaskGetSchedulerState)
    xTaskGetTickCount                        0x08003fb1   Thumb Code     6  tasks.o(i.xTaskGetTickCount)
    xTaskIncrementTick                       0x08003fbd   Thumb Code   356  tasks.o(i.xTaskIncrementTick)
    xTaskResumeAll                           0x0800414d   Thumb Code   310  tasks.o(i.xTaskResumeAll)
    AHBPrescTable                            0x080042ba   Data          16  system_stm32f1xx.o(.constdata)
    APBPrescTable                            0x080042ca   Data           8  system_stm32f1xx.o(.constdata)
    Region$$Table$$Base                      0x080042d4   Number         0  anon$$obj.o(Region$$Table)
    Region$$Table$$Limit                     0x080042f4   Number         0  anon$$obj.o(Region$$Table)
    uwTick                                   0x20000000   Data           4  stm32f1xx_hal.o(.data)
    uwTickPrio                               0x20000004   Data           4  stm32f1xx_hal.o(.data)
    uwTickFreq                               0x20000008   Data           1  stm32f1xx_hal.o(.data)
    SystemCoreClock                          0x2000000c   Data           4  system_stm32f1xx.o(.data)
    stickADCBuffer                           0x20000010   Data           8  app_remote.o(.data)
    rcdataBias                               0x20000018   Data           8  app_remote.o(.data)
    start_task_handle                        0x20000038   Data           4  app_task.o(.data)
    task_4ms_handle                          0x2000003c   Data           4  app_task.o(.data)
    task_10000ms_handle                      0x20000040   Data           4  app_task.o(.data)
    TX_ADDRESS                               0x20000044   Data           5  int_si24r1.o(.data)
    RX_ADDRESS                               0x20000049   Data           5  int_si24r1.o(.data)
    pxCurrentTCB                             0x20000050   Data           4  tasks.o(.data)
    uxTopUsedPriority                        0x20000088   Data           4  tasks.o(.data)
    __stdout                                 0x200000b0   Data           4  stdout.o(.data)
    hadc1                                    0x200000b4   Data          48  adc.o(.bss)
    hdma_adc1                                0x200000e4   Data          68  adc.o(.bss)
    hspi1                                    0x20000128   Data          88  spi.o(.bss)
    huart1                                   0x20000180   Data          72  usart.o(.bss)
    rcdata                                   0x200001c8   Data          20  app_remote.o(.bss)
    swTHR                                    0x200001dc   Data          24  app_remote.o(.bss)
    swYAW                                    0x200001f4   Data          24  app_remote.o(.bss)
    swPIT                                    0x2000020c   Data          24  app_remote.o(.bss)
    swROL                                    0x20000224   Data          24  app_remote.o(.bss)
    __initial_sp                             0x20004520   Data           0  startup_stm32f103xb.o(STACK)



==============================================================================

Memory Map of the image

  Image Entry point : 0x080000ed

  Load Region LR_IROM1 (Base: 0x08000000, Size: 0x000043a8, Max: 0x00010000, ABSOLUTE)

    Execution Region ER_IROM1 (Exec base: 0x08000000, Load base: 0x08000000, Size: 0x000042f4, Max: 0x00010000, ABSOLUTE)

    Exec Addr    Load Addr    Size         Type   Attr      Idx    E Section Name        Object

    0x08000000   0x08000000   0x000000ec   Data   RO            3    RESET               startup_stm32f103xb.o
    0x080000ec   0x080000ec   0x00000000   Code   RO         3699  * .ARM.Collect$$$$00000000  mc_w.l(entry.o)
    0x080000ec   0x080000ec   0x00000004   Code   RO         3976    .ARM.Collect$$$$00000001  mc_w.l(entry2.o)
    0x080000f0   0x080000f0   0x00000004   Code   RO         3979    .ARM.Collect$$$$00000004  mc_w.l(entry5.o)
    0x080000f4   0x080000f4   0x00000000   Code   RO         3981    .ARM.Collect$$$$00000008  mc_w.l(entry7b.o)
    0x080000f4   0x080000f4   0x00000000   Code   RO         3983    .ARM.Collect$$$$0000000A  mc_w.l(entry8b.o)
    0x080000f4   0x080000f4   0x00000008   Code   RO         3984    .ARM.Collect$$$$0000000B  mc_w.l(entry9a.o)
    0x080000fc   0x080000fc   0x00000000   Code   RO         3986    .ARM.Collect$$$$0000000D  mc_w.l(entry10a.o)
    0x080000fc   0x080000fc   0x00000000   Code   RO         3988    .ARM.Collect$$$$0000000F  mc_w.l(entry11a.o)
    0x080000fc   0x080000fc   0x00000004   Code   RO         3977    .ARM.Collect$$$$00002712  mc_w.l(entry2.o)
    0x08000100   0x08000100   0x00000096   Code   RO         3628    .emb_text           port.o
    0x08000196   0x08000196   0x00000002   PAD
    0x08000198   0x08000198   0x00000024   Code   RO            4    .text               startup_stm32f103xb.o
    0x080001bc   0x080001bc   0x00000020   Code   RO         3705    .text               mc_w.l(llushr.o)
    0x080001dc   0x080001dc   0x00000024   Code   RO         3707    .text               mc_w.l(memcpya.o)
    0x08000200   0x08000200   0x00000024   Code   RO         3709    .text               mc_w.l(memseta.o)
    0x08000224   0x08000224   0x00000020   Code   RO         3711    .text               mc_w.l(strrchr.o)
    0x08000244   0x08000244   0x00000062   Code   RO         3992    .text               mc_w.l(uldiv.o)
    0x080002a6   0x080002a6   0x00000002   PAD
    0x080002a8   0x080002a8   0x00000024   Code   RO         4005    .text               mc_w.l(init.o)
    0x080002cc   0x080002cc   0x0000001e   Code   RO         4007    .text               mc_w.l(llshl.o)
    0x080002ea   0x080002ea   0x0000005c   Code   RO          514    i.ADC_ConversionStop_Disable  stm32f1xx_hal_adc.o
    0x08000346   0x08000346   0x00000052   Code   RO          515    i.ADC_DMAConvCplt   stm32f1xx_hal_adc.o
    0x08000398   0x08000398   0x0000001e   Code   RO          516    i.ADC_DMAError      stm32f1xx_hal_adc.o
    0x080003b6   0x080003b6   0x0000000e   Code   RO          517    i.ADC_DMAHalfConvCplt  stm32f1xx_hal_adc.o
    0x080003c4   0x080003c4   0x00000090   Code   RO          518    i.ADC_Enable        stm32f1xx_hal_adc.o
    0x08000454   0x08000454   0x0000003a   Code   RO         2566    i.App_Remote_BuildPacket  app_remote.o
    0x0800048e   0x0800048e   0x00000002   PAD
    0x08000490   0x08000490   0x00000210   Code   RO         2567    i.App_Remote_Calibrate  app_remote.o
    0x080006a0   0x080006a0   0x000001a4   Code   RO         2568    i.App_Remote_KeyScan  app_remote.o
    0x08000844   0x08000844   0x0000007a   Code   RO         2569    i.App_Remote_MidAdjust  app_remote.o
    0x080008be   0x080008be   0x00000082   Code   RO         2570    i.App_Remote_PeakLimit  app_remote.o
    0x08000940   0x08000940   0x0000012c   Code   RO         2571    i.App_Remote_SlidingWindowFilter  app_remote.o
    0x08000a6c   0x08000a6c   0x0000013c   Code   RO         2572    i.App_Remote_StickScan  app_remote.o
    0x08000ba8   0x08000ba8   0x00000026   Code   RO         2629    i.App_Task_10000MS  app_task.o
    0x08000bce   0x08000bce   0x00000002   PAD
    0x08000bd0   0x08000bd0   0x00000034   Code   RO         2630    i.App_Task_4MS      app_task.o
    0x08000c04   0x08000c04   0x00000004   Code   RO          364    i.BusFault_Handler  stm32f1xx_it.o
    0x08000c08   0x08000c08   0x0000002c   Code   RO         1175    i.DMA_SetConfig     stm32f1xx_hal_dma.o
    0x08000c34   0x08000c34   0x00000002   Code   RO          365    i.DebugMon_Handler  stm32f1xx_it.o
    0x08000c36   0x08000c36   0x00000002   PAD
    0x08000c38   0x08000c38   0x00000020   Code   RO          268    i.Dri_SPI1_SwapByte  spi.o
    0x08000c58   0x08000c58   0x00000006   Code   RO           13    i.Error_Handler     main.o
    0x08000c5e   0x08000c5e   0x00000002   PAD
    0x08000c60   0x08000c60   0x00000030   Code   RO         2631    i.FreeRTOS_Start    app_task.o
    0x08000c90   0x08000c90   0x00000160   Code   RO          520    i.HAL_ADC_ConfigChannel  stm32f1xx_hal_adc.o
    0x08000df0   0x08000df0   0x00000002   Code   RO          521    i.HAL_ADC_ConvCpltCallback  stm32f1xx_hal_adc.o
    0x08000df2   0x08000df2   0x00000002   Code   RO          522    i.HAL_ADC_ConvHalfCpltCallback  stm32f1xx_hal_adc.o
    0x08000df4   0x08000df4   0x00000002   Code   RO          524    i.HAL_ADC_ErrorCallback  stm32f1xx_hal_adc.o
    0x08000df6   0x08000df6   0x00000002   PAD
    0x08000df8   0x08000df8   0x00000144   Code   RO          529    i.HAL_ADC_Init      stm32f1xx_hal_adc.o
    0x08000f3c   0x08000f3c   0x000000b0   Code   RO          203    i.HAL_ADC_MspInit   adc.o
    0x08000fec   0x08000fec   0x00000180   Code   RO          536    i.HAL_ADC_Start_DMA  stm32f1xx_hal_adc.o
    0x0800116c   0x0800116c   0x00000068   Code   RO         1182    i.HAL_DMA_Init      stm32f1xx_hal_dma.o
    0x080011d4   0x080011d4   0x0000009c   Code   RO         1186    i.HAL_DMA_Start_IT  stm32f1xx_hal_dma.o
    0x08001270   0x08001270   0x00000028   Code   RO          797    i.HAL_Delay         stm32f1xx_hal.o
    0x08001298   0x08001298   0x00000320   Code   RO         1112    i.HAL_GPIO_Init     stm32f1xx_hal_gpio.o
    0x080015b8   0x080015b8   0x00000010   Code   RO         1114    i.HAL_GPIO_ReadPin  stm32f1xx_hal_gpio.o
    0x080015c8   0x080015c8   0x0000000c   Code   RO         1116    i.HAL_GPIO_WritePin  stm32f1xx_hal_gpio.o
    0x080015d4   0x080015d4   0x0000000c   Code   RO          801    i.HAL_GetTick       stm32f1xx_hal.o
    0x080015e0   0x080015e0   0x00000018   Code   RO          807    i.HAL_IncTick       stm32f1xx_hal.o
    0x080015f8   0x080015f8   0x00000028   Code   RO          808    i.HAL_Init          stm32f1xx_hal.o
    0x08001620   0x08001620   0x0000004c   Code   RO          809    i.HAL_InitTick      stm32f1xx_hal.o
    0x0800166c   0x0800166c   0x00000054   Code   RO          454    i.HAL_MspInit       stm32f1xx_hal_msp.o
    0x080016c0   0x080016c0   0x0000007c   Code   RO         1278    i.HAL_NVIC_SetPriority  stm32f1xx_hal_cortex.o
    0x0800173c   0x0800173c   0x00000028   Code   RO         1279    i.HAL_NVIC_SetPriorityGrouping  stm32f1xx_hal_cortex.o
    0x08001764   0x08001764   0x00000130   Code   RO         1074    i.HAL_RCCEx_PeriphCLKConfig  stm32f1xx_hal_rcc_ex.o
    0x08001894   0x08001894   0x0000018c   Code   RO          965    i.HAL_RCC_ClockConfig  stm32f1xx_hal_rcc.o
    0x08001a20   0x08001a20   0x0000000c   Code   RO          970    i.HAL_RCC_GetHCLKFreq  stm32f1xx_hal_rcc.o
    0x08001a2c   0x08001a2c   0x00000020   Code   RO          972    i.HAL_RCC_GetPCLK1Freq  stm32f1xx_hal_rcc.o
    0x08001a4c   0x08001a4c   0x00000020   Code   RO          973    i.HAL_RCC_GetPCLK2Freq  stm32f1xx_hal_rcc.o
    0x08001a6c   0x08001a6c   0x00000070   Code   RO          974    i.HAL_RCC_GetSysClockFreq  stm32f1xx_hal_rcc.o
    0x08001adc   0x08001adc   0x00000464   Code   RO          977    i.HAL_RCC_OscConfig  stm32f1xx_hal_rcc.o
    0x08001f40   0x08001f40   0x000000be   Code   RO         1809    i.HAL_SPI_Init      stm32f1xx_hal_spi.o
    0x08001ffe   0x08001ffe   0x00000002   PAD
    0x08002000   0x08002000   0x0000009c   Code   RO          270    i.HAL_SPI_MspInit   spi.o
    0x0800209c   0x0800209c   0x00000248   Code   RO         1818    i.HAL_SPI_TransmitReceive  stm32f1xx_hal_spi.o
    0x080022e4   0x080022e4   0x00000034   Code   RO         1283    i.HAL_SYSTICK_Config  stm32f1xx_hal_cortex.o
    0x08002318   0x08002318   0x00000076   Code   RO         2186    i.HAL_UART_Init     stm32f1xx_hal_uart.o
    0x0800238e   0x0800238e   0x00000002   PAD
    0x08002390   0x08002390   0x00000088   Code   RO          317    i.HAL_UART_MspInit  usart.o
    0x08002418   0x08002418   0x000000be   Code   RO         2194    i.HAL_UART_Transmit  stm32f1xx_hal_uart.o
    0x080024d6   0x080024d6   0x00000004   Code   RO          366    i.HardFault_Handler  stm32f1xx_it.o
    0x080024da   0x080024da   0x00000002   PAD
    0x080024dc   0x080024dc   0x00000024   Code   RO         2760    i.Int_IP5305T_ShortPress  int_ip5305t.o
    0x08002500   0x08002500   0x00000008   Code   RO         2761    i.Int_IP5305T_Wakeup  int_ip5305t.o
    0x08002508   0x08002508   0x00000138   Code   RO         2681    i.Int_SI24R1_Check  int_si24r1.o
    0x08002640   0x08002640   0x00000178   Code   RO         2683    i.Int_SI24R1_InitTxMode  int_si24r1.o
    0x080027b8   0x080027b8   0x00000030   Code   RO         2684    i.Int_SI24R1_ReadByte  int_si24r1.o
    0x080027e8   0x080027e8   0x00000044   Code   RO         2685    i.Int_SI24R1_ReadBytes  int_si24r1.o
    0x0800282c   0x0800282c   0x00000064   Code   RO         2687    i.Int_SI24R1_TxPacket  int_si24r1.o
    0x08002890   0x08002890   0x00000030   Code   RO         2688    i.Int_SI24R1_WriteByte  int_si24r1.o
    0x080028c0   0x080028c0   0x00000040   Code   RO         2689    i.Int_SI24R1_WriteBytes  int_si24r1.o
    0x08002900   0x08002900   0x0000009c   Code   RO          204    i.MX_ADC1_Init      adc.o
    0x0800299c   0x0800299c   0x00000024   Code   RO          244    i.MX_DMA_Init       dma.o
    0x080029c0   0x080029c0   0x00000100   Code   RO          178    i.MX_GPIO_Init      gpio.o
    0x08002ac0   0x08002ac0   0x00000044   Code   RO          271    i.MX_SPI1_Init      spi.o
    0x08002b04   0x08002b04   0x00000038   Code   RO          318    i.MX_USART1_UART_Init  usart.o
    0x08002b3c   0x08002b3c   0x00000004   Code   RO          367    i.MemManage_Handler  stm32f1xx_it.o
    0x08002b40   0x08002b40   0x00000004   Code   RO          368    i.NMI_Handler       stm32f1xx_it.o
    0x08002b44   0x08002b44   0x00000028   Code   RO          978    i.RCC_Delay         stm32f1xx_hal_rcc.o
    0x08002b6c   0x08002b6c   0x00000044   Code   RO         1847    i.SPI_EndRxTxTransaction  stm32f1xx_hal_spi.o
    0x08002bb0   0x08002bb0   0x000000d8   Code   RO         1852    i.SPI_WaitFlagStateUntilTimeout  stm32f1xx_hal_spi.o
    0x08002c88   0x08002c88   0x00000074   Code   RO         2632    i.Start_Task        app_task.o
    0x08002cfc   0x08002cfc   0x00000014   Code   RO          369    i.SysTick_Handler   stm32f1xx_it.o
    0x08002d10   0x08002d10   0x00000084   Code   RO           14    i.SystemClock_Config  main.o
    0x08002d94   0x08002d94   0x00000002   Code   RO         2530    i.SystemInit        system_stm32f1xx.o
    0x08002d96   0x08002d96   0x0000006c   Code   RO         2209    i.UART_EndRxTransfer  stm32f1xx_hal_uart.o
    0x08002e02   0x08002e02   0x00000002   PAD
    0x08002e04   0x08002e04   0x000000fc   Code   RO         2213    i.UART_SetConfig    stm32f1xx_hal_uart.o
    0x08002f00   0x08002f00   0x0000008c   Code   RO         2217    i.UART_WaitOnFlagUntilTimeout  stm32f1xx_hal_uart.o
    0x08002f8c   0x08002f8c   0x00000004   Code   RO          370    i.UsageFault_Handler  stm32f1xx_it.o
    0x08002f90   0x08002f90   0x00000020   Code   RO         3922    i.__0printf$8       mc_w.l(printf8.o)
    0x08002fb0   0x08002fb0   0x00000010   Code   RO         1285    i.__NVIC_GetPriorityGrouping  stm32f1xx_hal_cortex.o
    0x08002fc0   0x08002fc0   0x00000028   Code   RO         1286    i.__NVIC_SetPriority  stm32f1xx_hal_cortex.o
    0x08002fe8   0x08002fe8   0x0000000e   Code   RO         4015    i.__scatterload_copy  mc_w.l(handlers.o)
    0x08002ff6   0x08002ff6   0x00000002   Code   RO         4016    i.__scatterload_null  mc_w.l(handlers.o)
    0x08002ff8   0x08002ff8   0x0000000e   Code   RO         4017    i.__scatterload_zeroinit  mc_w.l(handlers.o)
    0x08003006   0x08003006   0x00000002   PAD
    0x08003008   0x08003008   0x00000410   Code   RO         3929    i._printf_core      mc_w.l(printf8.o)
    0x08003418   0x08003418   0x00000024   Code   RO         3930    i._printf_post_padding  mc_w.l(printf8.o)
    0x0800343c   0x0800343c   0x0000002e   Code   RO         3931    i._printf_pre_padding  mc_w.l(printf8.o)
    0x0800346a   0x0800346a   0x00000002   PAD
    0x0800346c   0x0800346c   0x00000018   Code   RO          319    i.fputc             usart.o
    0x08003484   0x08003484   0x000000bc   Code   RO         2798    i.log_dump          com_logger.o
    0x08003540   0x08003540   0x000000b4   Code   RO           15    i.main              main.o
    0x080035f4   0x080035f4   0x000000c0   Code   RO         3255    i.prvAddCurrentTaskToDelayedList  tasks.o
    0x080036b4   0x080036b4   0x000000e4   Code   RO         3256    i.prvAddNewTaskToReadyList  tasks.o
    0x08003798   0x08003798   0x00000048   Code   RO         3257    i.prvCheckTasksWaitingTermination  tasks.o
    0x080037e0   0x080037e0   0x00000012   Code   RO         3258    i.prvDeleteTCB      tasks.o
    0x080037f2   0x080037f2   0x00000002   PAD
    0x080037f4   0x080037f4   0x00000070   Code   RO         3567    i.prvHeapInit       heap_4.o
    0x08003864   0x08003864   0x00000028   Code   RO         3259    i.prvIdleTask       tasks.o
    0x0800388c   0x0800388c   0x0000007a   Code   RO         3260    i.prvInitialiseNewTask  tasks.o
    0x08003906   0x08003906   0x00000002   PAD
    0x08003908   0x08003908   0x00000068   Code   RO         3261    i.prvInitialiseTaskLists  tasks.o
    0x08003970   0x08003970   0x00000068   Code   RO         3568    i.prvInsertBlockIntoFreeList  heap_4.o
    0x080039d8   0x080039d8   0x00000030   Code   RO         3262    i.prvResetNextTaskUnblockTime  tasks.o
    0x08003a08   0x08003a08   0x00000016   Code   RO         3629    i.prvTaskExitError  port.o
    0x08003a1e   0x08003a1e   0x00000004   Code   RO         3702    i.putc              mc_w.l(putc.o)
    0x08003a22   0x08003a22   0x00000002   PAD
    0x08003a24   0x08003a24   0x000000e4   Code   RO         3570    i.pvPortMalloc      heap_4.o
    0x08003b08   0x08003b08   0x00000024   Code   RO         3630    i.pxPortInitialiseStack  port.o
    0x08003b2c   0x08003b2c   0x00000028   Code   RO         2936    i.uxListRemove      list.o
    0x08003b54   0x08003b54   0x0000001a   Code   RO         2937    i.vListInitialise   list.o
    0x08003b6e   0x08003b6e   0x00000006   Code   RO         2938    i.vListInitialiseItem  list.o
    0x08003b74   0x08003b74   0x00000034   Code   RO         2939    i.vListInsert       list.o
    0x08003ba8   0x08003ba8   0x00000018   Code   RO         2940    i.vListInsertEnd    list.o
    0x08003bc0   0x08003bc0   0x00000024   Code   RO         3632    i.vPortEnterCritical  port.o
    0x08003be4   0x08003be4   0x00000020   Code   RO         3633    i.vPortExitCritical  port.o
    0x08003c04   0x08003c04   0x0000004c   Code   RO         3571    i.vPortFree         heap_4.o
    0x08003c50   0x08003c50   0x00000018   Code   RO         3634    i.vPortSetupTimerInterrupt  port.o
    0x08003c68   0x08003c68   0x00000034   Code   RO         3270    i.vTaskDelay        tasks.o
    0x08003c9c   0x08003c9c   0x000000d4   Code   RO         3271    i.vTaskDelete       tasks.o
    0x08003d70   0x08003d70   0x0000006c   Code   RO         3282    i.vTaskStartScheduler  tasks.o
    0x08003ddc   0x08003ddc   0x00000010   Code   RO         3284    i.vTaskSuspendAll   tasks.o
    0x08003dec   0x08003dec   0x00000060   Code   RO         3285    i.vTaskSwitchContext  tasks.o
    0x08003e4c   0x08003e4c   0x00000034   Code   RO         3635    i.xPortStartScheduler  port.o
    0x08003e80   0x08003e80   0x00000034   Code   RO         3636    i.xPortSysTickHandler  port.o
    0x08003eb4   0x08003eb4   0x00000068   Code   RO         3288    i.xTaskCreate       tasks.o
    0x08003f1c   0x08003f1c   0x00000074   Code   RO         3289    i.xTaskDelayUntil   tasks.o
    0x08003f90   0x08003f90   0x00000020   Code   RO         3295    i.xTaskGetSchedulerState  tasks.o
    0x08003fb0   0x08003fb0   0x0000000c   Code   RO         3296    i.xTaskGetTickCount  tasks.o
    0x08003fbc   0x08003fbc   0x00000190   Code   RO         3298    i.xTaskIncrementTick  tasks.o
    0x0800414c   0x0800414c   0x0000015c   Code   RO         3300    i.xTaskResumeAll    tasks.o
    0x080042a8   0x080042a8   0x00000012   Data   RO          979    .constdata          stm32f1xx_hal_rcc.o
    0x080042ba   0x080042ba   0x00000018   Data   RO         2531    .constdata          system_stm32f1xx.o
    0x080042d2   0x080042d2   0x00000002   PAD
    0x080042d4   0x080042d4   0x00000020   Data   RO         4013    Region$$Table       anon$$obj.o


    Execution Region RW_IRAM1 (Exec base: 0x20000000, Load base: 0x080042f4, Size: 0x00004520, Max: 0x00005000, ABSOLUTE)

    Exec Addr    Load Addr    Size         Type   Attr      Idx    E Section Name        Object

    0x20000000   0x080042f4   0x00000009   Data   RW          815    .data               stm32f1xx_hal.o
    0x20000009   0x080042fd   0x00000003   PAD
    0x2000000c   0x08004300   0x00000004   Data   RW         2532    .data               system_stm32f1xx.o
    0x20000010   0x08004304   0x00000026   Data   RW         2574    .data               app_remote.o
    0x20000036   0x0800432a   0x00000002   PAD
    0x20000038   0x0800432c   0x0000000c   Data   RW         2633    .data               app_task.o
    0x20000044   0x08004338   0x0000000a   Data   RW         2690    .data               int_si24r1.o
    0x2000004e   0x08004342   0x00000002   PAD
    0x20000050   0x08004344   0x00000040   Data   RW         3303    .data               tasks.o
    0x20000090   0x08004384   0x0000001c   Data   RW         3577    .data               heap_4.o
    0x200000ac   0x080043a0   0x00000004   Data   RW         3637    .data               port.o
    0x200000b0   0x080043a4   0x00000004   Data   RW         3704    .data               mc_w.l(stdout.o)
    0x200000b4        -       0x00000074   Zero   RW          205    .bss                adc.o
    0x20000128        -       0x00000058   Zero   RW          272    .bss                spi.o
    0x20000180        -       0x00000048   Zero   RW          320    .bss                usart.o
    0x200001c8        -       0x00000074   Zero   RW         2573    .bss                app_remote.o
    0x2000023c        -       0x000002e4   Zero   RW         3302    .bss                tasks.o
    0x20000520        -       0x00003c00   Zero   RW         3576    .bss                heap_4.o
    0x20004120        -       0x00000400   Zero   RW            1    STACK               startup_stm32f103xb.o


==============================================================================

Image component sizes


      Code (inc. data)   RO Data    RW Data    ZI Data      Debug   Object Name

       332         30          0          0        116       1731   adc.o
      1874        382          0         38        116       5792   app_remote.o
       254         80          0         12          0       3616   app_task.o
       188         12          0          0          0        959   com_logger.o
        36          4          0          0          0        698   dma.o
         0          0          0          0          0       2508   event_groups.o
       256         12          0          0          0        943   gpio.o
       520         58          0         28      15360       4495   heap_4.o
        44          4          0          0          0        886   int_ip5305t.o
      1016        316          0         10          0       4753   int_si24r1.o
       148          0          0          0          0       3114   list.o
       318         74          0          0          0     417964   main.o
       404         48          0          4          0       8716   port.o
       256         32          0          0         88       2121   spi.o
        36          8        236          0       1024        784   startup_stm32f103xb.o
       192         36          0          9          0       5745   stm32f1xx_hal.o
      1428         56          0          0          0       8118   stm32f1xx_hal_adc.o
       272         22          0          0          0      28638   stm32f1xx_hal_cortex.o
       304          4          0          0          0       2526   stm32f1xx_hal_dma.o
       828         34          0          0          0       3239   stm32f1xx_hal_gpio.o
        84          8          0          0          0        858   stm32f1xx_hal_msp.o
      1748         98         18          0          0       5816   stm32f1xx_hal_rcc.o
       304         14          0          0          0       1364   stm32f1xx_hal_rcc_ex.o
      1058          6          0          0          0       4345   stm32f1xx_hal_spi.o
       808          4          0          0          0       4268   stm32f1xx_hal_uart.o
        42          0          0          0          0      17151   stm32f1xx_it.o
         2          0         24          4          0       1059   system_stm32f1xx.o
      2320        322          0         64        740      28252   tasks.o
       216         28          0          0         72       2086   usart.o

    ----------------------------------------------------------------------
     15312       1692        312        176      17516     572545   Object Totals
         0          0         32          0          0          0   (incl. Generated)
        24          0          2          7          0          0   (incl. Padding)

    ----------------------------------------------------------------------

      Code (inc. data)   RO Data    RW Data    ZI Data      Debug   Library Member Name

         0          0          0          0          0          0   entry.o
         0          0          0          0          0          0   entry10a.o
         0          0          0          0          0          0   entry11a.o
         8          4          0          0          0          0   entry2.o
         4          0          0          0          0          0   entry5.o
         0          0          0          0          0          0   entry7b.o
         0          0          0          0          0          0   entry8b.o
         8          4          0          0          0          0   entry9a.o
        30          0          0          0          0          0   handlers.o
        36          8          0          0          0         68   init.o
        30          0          0          0          0         68   llshl.o
        32          0          0          0          0         68   llushr.o
        36          0          0          0          0         68   memcpya.o
        36          0          0          0          0        108   memseta.o
      1154         54          0          0          0        352   printf8.o
         4          0          0          0          0         68   putc.o
         0          0          0          4          0          0   stdout.o
        32          0          0          0          0         68   strrchr.o
        98          0          0          0          0         92   uldiv.o

    ----------------------------------------------------------------------
      1516         70          0          4          0        960   Library Totals
         8          0          0          0          0          0   (incl. Padding)

    ----------------------------------------------------------------------

      Code (inc. data)   RO Data    RW Data    ZI Data      Debug   Library Name

      1508         70          0          4          0        960   mc_w.l

    ----------------------------------------------------------------------
      1516         70          0          4          0        960   Library Totals

    ----------------------------------------------------------------------

==============================================================================


      Code (inc. data)   RO Data    RW Data    ZI Data      Debug   

     16828       1762        312        180      17516     567053   Grand Totals
     16828       1762        312        180      17516     567053   ELF Image Totals
     16828       1762        312        180          0          0   ROM Totals

==============================================================================

    Total RO  Size (Code + RO Data)                17140 (  16.74kB)
    Total RW  Size (RW Data + ZI Data)             17696 (  17.28kB)
    Total ROM Size (Code + RO Data + RW Data)      17320 (  16.91kB)

==============================================================================

